<html>
<body>
<pre>
<h1>µVision Build Log</h1>
<h2>Project:</h2>
F:\PROJECT\STM32F030R8\IAP\iap.uvproj
Project File Date:  03/31/2015

<h2>Output:</h2>
Build target 'IAP'
compiling bsp.c...
source\config.h(18): error:  #5: cannot open source input file "stm32f0xx_it.h": No such file or directory
compiling main.c...
source\config.h(18): error:  #5: cannot open source input file "stm32f0xx_it.h": No such file or directory
compiling uart1.c...
source\config.h(18): error:  #5: cannot open source input file "stm32f0xx_it.h": No such file or directory
assembling startup_stm32f0xx.s...
".\output\iap.axf" - 3 Errors, 0 Warning(s).
Target not created
Build target 'IAP'
compiling bsp.c...
source\config.h(18): error:  #5: cannot open source input file "stm32f0xx_it.h": No such file or directory
compiling main.c...
source\config.h(18): error:  #5: cannot open source input file "stm32f0xx_it.h": No such file or directory
compiling uart1.c...
source\config.h(18): error:  #5: cannot open source input file "stm32f0xx_it.h": No such file or directory
assembling startup_stm32f0xx.s...
".\output\iap.axf" - 3 Errors, 0 Warning(s).
Target not created
Build target 'IAP'
compiling bsp.c...
source\config.h(19): error:  #5: cannot open source input file "stm32f0xx_pwr.h": No such file or directory
compiling main.c...
source\config.h(19): error:  #5: cannot open source input file "stm32f0xx_pwr.h": No such file or directory
compiling uart1.c...
source\config.h(19): error:  #5: cannot open source input file "stm32f0xx_pwr.h": No such file or directory
compiling stm32f0xx_it.c...
source\config.h(19): error:  #5: cannot open source input file "stm32f0xx_pwr.h": No such file or directory
".\output\iap.axf" - 4 Errors, 0 Warning(s).
Target not created
Rebuild target 'IAP'
compiling bsp.c...
source\config.h(19): error:  #5: cannot open source input file "stm32f0xx_rcc.h": No such file or directory
compiling main.c...
source\config.h(19): error:  #5: cannot open source input file "stm32f0xx_rcc.h": No such file or directory
compiling uart1.c...
source\config.h(19): error:  #5: cannot open source input file "stm32f0xx_rcc.h": No such file or directory
assembling startup_stm32f0xx.s...
compiling stm32f0xx_it.c...
source\config.h(19): error:  #5: cannot open source input file "stm32f0xx_rcc.h": No such file or directory
".\output\iap.axf" - 4 Errors, 0 Warning(s).
Target not created
Build target 'IAP'
compiling bsp.c...
compiling main.c...
source\main.c(18): warning:  #951-D: return type of function "main" must be "int"
source\main.c(20): warning:  #177-D: variable "oldsecond" was declared but never referenced
source\main.c(21): warning:  #550-D: variable "tempcnt" was set but never used
source\main.c(67): warning:  #1-D: last line of file ends without a newline
compiling uart1.c...
compiling stm32f0xx_it.c...
source\stm32f0xx_it.c(114): error:  #20: identifier "system10ms" is undefined
".\output\iap.axf" - 1 Errors, 4 Warning(s).
Target not created
Build target 'IAP'
compiling bsp.c...
compiling main.c...
compiling uart1.c...
compiling stm32f0xx_it.c...
source\stm32f0xx_it.c(114): error:  #20: identifier "system10ms" is undefined
".\output\iap.axf" - 1 Errors, 0 Warning(s).
Target not created
Build target 'IAP'
compiling stm32f0xx_it.c...
linking...
Program Size: Code=892 RO-data=224 RW-data=12 ZI-data=1636  
".\output\iap.axf" - 0 Errors, 0 Warning(s).
Build target 'IAP'
compiling stm32f0xx_it.c...
linking...
Program Size: Code=892 RO-data=224 RW-data=12 ZI-data=1636  
".\output\iap.axf" - 0 Errors, 0 Warning(s).
Build target 'IAP'
compiling main.c...
linking...
Program Size: Code=856 RO-data=208 RW-data=0 ZI-data=1632  
".\output\iap.axf" - 0 Errors, 0 Warning(s).
Build target 'IAP'
compiling bsp.c...
compiling main.c...
compiling uart1.c...
compiling stm32f0xx_it.c...
linking...
Program Size: Code=856 RO-data=208 RW-data=0 ZI-data=1632  
".\output\iap.axf" - 0 Errors, 0 Warning(s).
Build target 'IAP'
compiling main.c...
linking...
Program Size: Code=964 RO-data=208 RW-data=0 ZI-data=1632  
".\output\iap.axf" - 0 Errors, 0 Warning(s).
Load "F:\\PROJECT\\STM32F030R8\\IAP\\output\\iap.axf" 
Load "F:\\PROJECT\\STM32F030R8\\IAP\\output\\iap.axf" 
Load "F:\\PROJECT\\STM32F030R8\\IAP\\output\\iap.axf" 
Load "F:\\PROJECT\\STM32F030R8\\IAP\\output\\iap.axf" 
Load "F:\\PROJECT\\STM32F030R8\\IAP\\output\\iap.axf" 
Erase Done.
Programming Done.
Verify OK.
Build target 'IAP'
compiling bsp.c...
compiling main.c...
compiling uart1.c...
compiling stm32f0xx_it.c...
compiling flash_if.c...
linking...
Program Size: Code=964 RO-data=208 RW-data=0 ZI-data=1632  
".\output\iap.axf" - 0 Errors, 0 Warning(s).
Build target 'IAP'
compiling bsp.c...
compiling main.c...
compiling uart1.c...
compiling stm32f0xx_it.c...
compiling flash_if.c...
linking...
.\output\iap.axf: Error: L6218E: Undefined symbol FLASH_ClearFlag (referred from flash_if.o).
".\output\iap.axf" - 1 Errors, 0 Warning(s).
Target not created
Build target 'IAP'
compiling bsp.c...
compiling main.c...
compiling uart1.c...
compiling stm32f0xx_it.c...
compiling flash_if.c...
linking...
Program Size: Code=964 RO-data=208 RW-data=0 ZI-data=1632  
".\output\iap.axf" - 0 Errors, 0 Warning(s).
