<html>
<body>
<pre>
<h1>µVision Build Log</h1>
<h2>Tool Versions:</h2>
IDE-Version: ¦ÌVision V5.23.0.0
Copyright (C) 2017 ARM Ltd and ARM Germany GmbH. All rights reserved.
License Information: huashan Microsoft, Microsoft, LIC=FQQQD-84D9V-C2AL6-DTDCA-63JTW-HEM22
 
Tool Versions:
Toolchain:       MDK-ARM Professional  Version: 5.23
Toolchain Path:  C:\Keil_v5\ARM\ARMCC\Bin
C Compiler:      Armcc.exe V5.06 update 4 (build 422)
Assembler:       Armasm.exe V5.06 update 4 (build 422)
Linker/Locator:  ArmLink.exe V5.06 update 4 (build 422)
Library Manager: ArmAr.exe V5.06 update 4 (build 422)
Hex Converter:   FromElf.exe V5.06 update 4 (build 422)
CPU DLL:         SARMCM3.DLL V5.23
Dialog DLL:      DARMCM1.DLL V1.17.0.0
Target DLL:      Segger\JL2CM3.dll V2.99.23.0
Dialog DLL:      TARMCM1.DLL V1.12.0.0
 
<h2>Project:</h2>
E:\project\NanSheng\app\stm32f072b.uvprojx
Project File Date:  07/01/2020

<h2>Output:</h2>
*** Using Compiler 'V5.06 update 4 (build 422)', folder: 'C:\Keil_v5\ARM\ARMCC\Bin'
Rebuild target 'Project'
assembling startup_stm32f072xb.s...
compiling system_stm32f0xx.c...
compiling stm32f0xx_it.c...
compiling main.c...
compiling flash_if.c...
compiling bsp.c...
compiling core.c...
compiling detection.c...
compiling drive.c...
compiling key.c...
compiling stm32f0xx_can.c...
compiling armuart.c...
compiling swc.c...
compiling usart1.c...
compiling app_can.c...
compiling mw_can.c...
compiling stm32f0xx_rcc.c...
compiling stm32f0xx_gpio.c...
compiling stm32f0xx_exti.c...
compiling stm32f0xx_misc.c...
compiling Irda.c...
compiling stm32f0xx_tim.c...
compiling stm32f0xx_syscfg.c...
compiling stm32f0xx_usart.c...
compiling usart4.c...
compiling radio.c...
compiling RTC_Time.c...
compiling stm32f0xx_rtc.c...
compiling stm32f0xx_pwr.c...
compiling sch_common.c...
compiling sch_message.c...
compiling sch_printf.c...
compiling sch_queue.c...
compiling mw_uart.c...
compiling Rds.c...
compiling RdsApp.c...
compiling RdsEon.c...
compiling Tuner_Elite.c...
linking...
Program Size: Code=70322 RO-data=12934 RW-data=1348 ZI-data=11292  
FromELF: creating hex file...
".\out\stm32f072b.axf" - 0 Error(s), 0 Warning(s).

<h2>Collection of Component include folders:</h2>
  .\RTE\_Project
  C:\Keil_v5\ARM\PACK\Keil\STM32F0xx_DFP\2.1.0\Drivers\CMSIS\Device\ST\STM32F0xx\Include

<h2>Collection of Component Files used:</h2>
Build Time Elapsed:  00:00:16
</pre>
</body>
</html>
