<html>
<body>
<pre>
<h1>µVision Build Log</h1>
<h2>Project:</h2>
F:\stm32f072RB\source\stm32f072b.uvproj
Project File Date:  06/29/2017

<h2>Output:</h2>
Build target 'Project'
assembling startup_stm32f072xb.s...
compiling stm32f0xx_it.c...
source\stm32f0xx_it.c(39): error:  #5: cannot open source input file "main.h": No such file or directory
compiling system_stm32f0xx.c...
source\system_stm32f0xx.c(82): error:  #5: cannot open source input file "stm32f0xx.h": No such file or directory
".\out\stm32f072b.axf" - 2 Errors, 0 Warning(s).
Target not created
Build target 'Project'
assembling startup_stm32f072xb.s...
compiling stm32f0xx_it.c...
source\stm32f0xx_it.c(39): error:  #5: cannot open source input file "stm32f0xx_it.h": No such file or directory
compiling system_stm32f0xx.c...
source\system_stm32f0xx.c(82): error:  #5: cannot open source input file "stm32f0xx.h": No such file or directory
".\out\stm32f072b.axf" - 2 Errors, 0 Warning(s).
Target not created
Build target 'Project'
assembling startup_stm32f072xb.s...
compiling stm32f0xx_it.c...
source\stm32f0xx_it.c(39): error:  #5: cannot open source input file "stm32f0xx_it.h": No such file or directory
compiling system_stm32f0xx.c...
source\system_stm32f0xx.c(82): error:  #5: cannot open source input file "stm32f0xx.h": No such file or directory
".\out\stm32f072b.axf" - 2 Errors, 0 Warning(s).
Target not created
Build target 'Project'
compiling stm32f0xx_it.c...
source\stm32f0xx_it.c(39): error:  #5: cannot open source input file "stm32f0xx_it.h": No such file or directory
compiling system_stm32f0xx.c...
source\system_stm32f0xx.c(82): error:  #5: cannot open source input file "stm32f0xx.h": No such file or directory
compiling main.c...
source\main.c(4): error:  #5: cannot open source input file "config.h": No such file or directory
".\out\stm32f072b.axf" - 3 Errors, 0 Warning(s).
Target not created
Rebuild target 'Project'
assembling startup_stm32f072xb.s...
compiling stm32f0xx_it.c...
source\stm32f0xx_it.c(39): error:  #5: cannot open source input file "stm32f0xx_it.h": No such file or directory
compiling system_stm32f0xx.c...
source\system_stm32f0xx.c(82): error:  #5: cannot open source input file "stm32f0xx.h": No such file or directory
compiling main.c...
source\main.c(4): error:  #5: cannot open source input file "config.h": No such file or directory
".\out\stm32f072b.axf" - 3 Errors, 0 Warning(s).
Target not created
Build target 'Project'
assembling startup_stm32f072xb.s...
compiling stm32f0xx_it.c...
source\stm32f0xx_it.c(53): error:  #20: identifier "ADC_HandleTypeDef" is undefined
compiling system_stm32f0xx.c...
.\lib\stm32f0xx.h(165): error:  #35: #error directive: "Please select first the target STM32F0xx device used in your application (in stm32f0xx.h file)"
compiling main.c...
source\main.c(4): error:  #5: cannot open source input file "config.h": No such file or directory
".\out\stm32f072b.axf" - 3 Errors, 0 Warning(s).
Target not created
Build target 'Project'
compiling stm32f0xx_it.c...
compiling system_stm32f0xx.c...
.\lib\stm32f0xx.h(165): error:  #35: #error directive: "Please select first the target STM32F0xx device used in your application (in stm32f0xx.h file)"
compiling main.c...
source\main.c(4): error:  #5: cannot open source input file "config.h": No such file or directory
".\out\stm32f072b.axf" - 2 Errors, 0 Warning(s).
Target not created
Build target 'Project'
compiling stm32f0xx_it.c...
compiling system_stm32f0xx.c...
.\lib\core_cmInstr.h(53): error:  #5: cannot open source input file "cmsis_armcc.h": No such file or directory
compiling main.c...
source\main.c(4): error:  #5: cannot open source input file "config.h": No such file or directory
".\out\stm32f072b.axf" - 2 Errors, 0 Warning(s).
Target not created
Build target 'Project'
compiling system_stm32f0xx.c...
compiling main.c...
source\main.c(4): error:  #5: cannot open source input file "config.h": No such file or directory
".\out\stm32f072b.axf" - 1 Errors, 0 Warning(s).
Target not created
Build target 'Project'
compiling system_stm32f0xx.c...
compiling main.c...
linking...
Program Size: Code=574 RO-data=242 RW-data=4 ZI-data=1636  
FromELF: creating hex file...
".\out\stm32f072b.axf" - 0 Errors, 0 Warning(s).
Build target 'Project'
compiling main.c...
linking...
Program Size: Code=574 RO-data=242 RW-data=4 ZI-data=1636  
FromELF: creating hex file...
".\out\stm32f072b.axf" - 0 Errors, 0 Warning(s).
Build target 'Project'
linking...
Program Size: Code=574 RO-data=242 RW-data=4 ZI-data=1636  
FromELF: creating hex file...
".\out\stm32f072b.axf" - 0 Errors, 0 Warning(s).
Rebuild target 'Project'
assembling startup_stm32f072xb.s...
compiling stm32f0xx_it.c...
compiling system_stm32f0xx.c...
compiling main.c...
linking...
Program Size: Code=574 RO-data=242 RW-data=4 ZI-data=1636  
FromELF: creating hex file...
".\out\stm32f072b.axf" - 0 Errors, 0 Warning(s).
Rebuild target 'Project'
assembling startup_stm32f072xb.s...
compiling stm32f0xx_it.c...
compiling system_stm32f0xx.c...
compiling main.c...
linking...
Program Size: Code=574 RO-data=242 RW-data=4 ZI-data=1636  
FromELF: creating hex file...
".\out\stm32f072b.axf" - 0 Errors, 0 Warning(s).
