Component: ARM Compiler 5.06 update 4 (build 422) Tool: armlink [4d35d2]

==============================================================================

Section Cross References

    startup_stm32f072xb.o(STACK) refers (Special) to heapauxi.o(.text) for __use_two_region_memory
    startup_stm32f072xb.o(HEAP) refers (Special) to heapauxi.o(.text) for __use_two_region_memory
    startup_stm32f072xb.o(RESET) refers (Special) to heapauxi.o(.text) for __use_two_region_memory
    startup_stm32f072xb.o(RESET) refers to startup_stm32f072xb.o(STACK) for __initial_sp
    startup_stm32f072xb.o(RESET) refers to startup_stm32f072xb.o(.text) for Reset_Handler
    startup_stm32f072xb.o(RESET) refers to stm32f0xx_it.o(i.NMI_Handler) for NMI_Handler
    startup_stm32f072xb.o(RESET) refers to stm32f0xx_it.o(i.HardFault_Handler) for HardFault_Handler
    startup_stm32f072xb.o(RESET) refers to stm32f0xx_it.o(i.SVC_Handler) for SVC_Handler
    startup_stm32f072xb.o(RESET) refers to stm32f0xx_it.o(i.PendSV_Handler) for PendSV_Handler
    startup_stm32f072xb.o(RESET) refers to stm32f0xx_it.o(i.SysTick_Handler) for SysTick_Handler
    startup_stm32f072xb.o(RESET) refers to stm32f0xx_it.o(i.RTC_IRQHandler) for RTC_IRQHandler
    startup_stm32f072xb.o(RESET) refers to stm32f0xx_it.o(i.EXTI0_1_IRQHandler) for EXTI0_1_IRQHandler
    startup_stm32f072xb.o(RESET) refers to stm32f0xx_it.o(i.EXTI4_15_IRQHandler) for EXTI4_15_IRQHandler
    startup_stm32f072xb.o(RESET) refers to stm32f0xx_it.o(i.TIM2_IRQHandler) for TIM2_IRQHandler
    startup_stm32f072xb.o(RESET) refers to stm32f0xx_it.o(i.TIM14_IRQHandler) for TIM14_IRQHandler
    startup_stm32f072xb.o(RESET) refers to stm32f0xx_it.o(i.USART1_IRQHandler) for USART1_IRQHandler
    startup_stm32f072xb.o(RESET) refers to stm32f0xx_it.o(i.USART2_IRQHandler) for USART2_IRQHandler
    startup_stm32f072xb.o(RESET) refers to stm32f0xx_it.o(i.USART3_4_IRQHandler) for USART3_4_IRQHandler
    startup_stm32f072xb.o(RESET) refers to stm32f0xx_it.o(i.CEC_CAN_IRQHandler) for CEC_CAN_IRQHandler
    startup_stm32f072xb.o(.text) refers (Special) to heapauxi.o(.text) for __use_two_region_memory
    startup_stm32f072xb.o(.text) refers to system_stm32f0xx.o(i.SystemInit) for SystemInit
    startup_stm32f072xb.o(.text) refers to __main.o(!!!main) for __main
    startup_stm32f072xb.o(.text) refers to startup_stm32f072xb.o(HEAP) for Heap_Mem
    startup_stm32f072xb.o(.text) refers to startup_stm32f072xb.o(STACK) for Stack_Mem
    stm32f0xx_it.o(i.CEC_CAN_IRQHandler) refers to rt_memclr.o(.text) for __aeabi_memclr4
    stm32f0xx_it.o(i.CEC_CAN_IRQHandler) refers to stm32f0xx_can.o(i.CAN_Receive) for CAN_Receive
    stm32f0xx_it.o(i.CEC_CAN_IRQHandler) refers to sch_common.o(i.sch_memcpy) for sch_memcpy
    stm32f0xx_it.o(i.CEC_CAN_IRQHandler) refers to mw_can.o(i.Can_Rx_DataPro) for Can_Rx_DataPro
    stm32f0xx_it.o(i.CEC_CAN_IRQHandler) refers to stm32f0xx_can.o(i.CAN_ClearITPendingBit) for CAN_ClearITPendingBit
    stm32f0xx_it.o(i.EXTI0_1_IRQHandler) refers to stm32f0xx_exti.o(i.EXTI_GetITStatus) for EXTI_GetITStatus
    stm32f0xx_it.o(i.EXTI0_1_IRQHandler) refers to irda.o(i.RemoteInt) for RemoteInt
    stm32f0xx_it.o(i.EXTI0_1_IRQHandler) refers to stm32f0xx_exti.o(i.EXTI_ClearITPendingBit) for EXTI_ClearITPendingBit
    stm32f0xx_it.o(i.EXTI0_1_IRQHandler) refers to irda.o(.data) for RmtFlag
    stm32f0xx_it.o(i.EXTI4_15_IRQHandler) refers to stm32f0xx_exti.o(i.EXTI_GetITStatus) for EXTI_GetITStatus
    stm32f0xx_it.o(i.EXTI4_15_IRQHandler) refers to tuner_elite.o(i.RDSInt) for RDSInt
    stm32f0xx_it.o(i.EXTI4_15_IRQHandler) refers to stm32f0xx_exti.o(i.EXTI_ClearITPendingBit) for EXTI_ClearITPendingBit
    stm32f0xx_it.o(i.EXTI4_15_IRQHandler) refers to irda.o(i.RemoteInt) for RemoteInt
    stm32f0xx_it.o(i.EXTI4_15_IRQHandler) refers to irda.o(.data) for RmtFlag
    stm32f0xx_it.o(i.RTC_IRQHandler) refers to rtc_time.o(i.RTC_TimeShow) for RTC_TimeShow
    stm32f0xx_it.o(i.RTC_IRQHandler) refers to stm32f0xx_rtc.o(i.RTC_ClearITPendingBit) for RTC_ClearITPendingBit
    stm32f0xx_it.o(i.RTC_IRQHandler) refers to stm32f0xx_exti.o(i.EXTI_ClearITPendingBit) for EXTI_ClearITPendingBit
    stm32f0xx_it.o(i.RTC_IRQHandler) refers to stm32f0xx_rtc.o(i.RTC_GetITStatus) for RTC_GetITStatus
    stm32f0xx_it.o(i.TIM14_IRQHandler) refers to usart1.o(.data) for bCanTimeour
    stm32f0xx_it.o(i.TIM14_IRQHandler) refers to irda.o(.data) for Testtime_x100ms
    stm32f0xx_it.o(i.TIM14_IRQHandler) refers to core.o(.bss) for core
    stm32f0xx_it.o(i.TIM14_IRQHandler) refers to stm32f0xx_it.o(.data) for syspopcnt
    stm32f0xx_it.o(i.TIM14_IRQHandler) refers to drive.o(.data) for btime1s
    stm32f0xx_it.o(i.TIM14_IRQHandler) refers to radio.o(.data) for Rad_X4ms
    stm32f0xx_it.o(i.TIM14_IRQHandler) refers to rds.o(.data) for rRdRDS_X4ms
    stm32f0xx_it.o(i.USART1_IRQHandler) refers to stm32f0xx_usart.o(i.USART_GetFlagStatus) for USART_GetFlagStatus
[...]
    SystemInit                               0x08010905   Thumb Code   216  system_stm32f0xx.o(i.SystemInit)
    SystemPowerOff                           0x080109e9   Thumb Code   256  drive.o(i.SystemPowerOff)
    SystemPowerOn                            0x08010af5   Thumb Code   202  drive.o(i.SystemPowerOn)
    SystemSleepWake                          0x08010bcd   Thumb Code     8  drive.o(i.SystemSleepWake)
    SystemTimereset                          0x08010bd5   Thumb Code    40  drive.o(i.SystemTimereset)
    SystemTimeset                            0x08010c21   Thumb Code   582  drive.o(i.SystemTimeset)
    TASK_Can_Pro                             0x08010ecd   Thumb Code     8  app_can.o(i.TASK_Can_Pro)
    TIM14_IRQHandler                         0x08010ed5   Thumb Code   280  stm32f0xx_it.o(i.TIM14_IRQHandler)
    TIM2_IRQHandler                          0x08011035   Thumb Code    10  stm32f0xx_it.o(i.TIM2_IRQHandler)
    TIM_Cmd                                  0x08011041   Thumb Code    24  stm32f0xx_tim.o(i.TIM_Cmd)
    TIM_GetCounter                           0x0801105d   Thumb Code     6  stm32f0xx_tim.o(i.TIM_GetCounter)
    TIM_ITConfig                             0x08011063   Thumb Code    20  stm32f0xx_tim.o(i.TIM_ITConfig)
    TIM_SetAutoreload                        0x08011077   Thumb Code     4  stm32f0xx_tim.o(i.TIM_SetAutoreload)
    TIM_SetCounter                           0x0801107b   Thumb Code     4  stm32f0xx_tim.o(i.TIM_SetCounter)
    TIM_TimeBaseInit                         0x08011081   Thumb Code    90  stm32f0xx_tim.o(i.TIM_TimeBaseInit)
    Time14Deinit                             0x080110fd   Thumb Code    40  bsp.o(i.Time14Deinit)
    Time14Init                               0x08011129   Thumb Code   118  bsp.o(i.Time14Init)
    Timer2Init                               0x080111ad   Thumb Code    74  irda.o(i.Timer2Init)
    TpSeekProc                               0x080111f9   Thumb Code   146  rds.o(i.TpSeekProc)
    TrafficProc                              0x080112ad   Thumb Code   364  rds.o(i.TrafficProc)
    TransmitKey                              0x0801144d   Thumb Code   210  key.o(i.TransmitKey)
    TunAMParmStartAddr                       0x08011529   Thumb Code   144  radio.o(i.TunAMParmStartAddr)
    TunFMORITParmStartAddr                   0x080115e1   Thumb Code     4  radio.o(i.TunFMORITParmStartAddr)
    TunFMParmStartAddr                       0x080115e9   Thumb Code   128  radio.o(i.TunFMParmStartAddr)
    TunParmStartAddr                         0x08011695   Thumb Code   280  radio.o(i.TunParmStartAddr)
    Tuner10msTimer                           0x080117fd   Thumb Code    38  tuner_elite.o(i.Tuner10msTimer)
    TunerChangeBand                          0x0801182d   Thumb Code   206  tuner_elite.o(i.TunerChangeBand)
    TunerReadAFSeekStatus                    0x0801190d   Thumb Code     8  tuner_elite.o(i.TunerReadAFSeekStatus)
    TunerSeekOff                             0x08011915   Thumb Code    12  tuner_elite.o(i.TunerSeekOff)
    TunerSeekOn                              0x08011921   Thumb Code    18  tuner_elite.o(i.TunerSeekOn)
    TunerSetAFChangeFreq                     0x08011939   Thumb Code    76  tuner_elite.o(i.TunerSetAFChangeFreq)
    TunerSetAFCheck                          0x08011995   Thumb Code    76  tuner_elite.o(i.TunerSetAFCheck)
    TunerSetAFEnd                            0x080119f1   Thumb Code    82  tuner_elite.o(i.TunerSetAFEnd)
    TunerSetFreq                             0x08011a59   Thumb Code   104  tuner_elite.o(i.TunerSetFreq)
    TunerStartupSeq                          0x08011ad9   Thumb Code   440  tuner_elite.o(i.TunerStartupSeq)
    USART1_IRQHandler                        0x08011ccd   Thumb Code   162  stm32f0xx_it.o(i.USART1_IRQHandler)
    USART2_IRQHandler                        0x08011d91   Thumb Code   164  stm32f0xx_it.o(i.USART2_IRQHandler)
    USART3_4_IRQHandler                      0x08011e51   Thumb Code   130  stm32f0xx_it.o(i.USART3_4_IRQHandler)
    USART_ClearFlag                          0x08011ef1   Thumb Code     4  stm32f0xx_usart.o(i.USART_ClearFlag)
    USART_ClearITPendingBit                  0x08011ef5   Thumb Code    18  stm32f0xx_usart.o(i.USART_ClearITPendingBit)
    USART_Cmd                                0x08011f07   Thumb Code    24  stm32f0xx_usart.o(i.USART_Cmd)
    USART_DeInit                             0x08011f21   Thumb Code   108  stm32f0xx_usart.o(i.USART_DeInit)
    USART_GetFlagStatus                      0x08011f9d   Thumb Code    20  stm32f0xx_usart.o(i.USART_GetFlagStatus)
    USART_ITConfig                           0x08011fb1   Thumb Code    66  stm32f0xx_usart.o(i.USART_ITConfig)
    USART_Init                               0x08011ff5   Thumb Code   214  stm32f0xx_usart.o(i.USART_Init)
    USART_ReceiveData                        0x080120dd   Thumb Code    10  stm32f0xx_usart.o(i.USART_ReceiveData)
    USART_SendData                           0x080120e7   Thumb Code     8  stm32f0xx_usart.o(i.USART_SendData)
    Uart1Deinit                              0x080120f1   Thumb Code   142  bsp.o(i.Uart1Deinit)
    Uart1SendStr                             0x08012185   Thumb Code    64  usart1.o(i.Uart1SendStr)
    Uart2Deinit                              0x080121d5   Thumb Code   106  bsp.o(i.Uart2Deinit)
    Uart2Init                                0x08012245   Thumb Code   210  bsp.o(i.Uart2Init)
    Uart2SendStr                             0x08012325   Thumb Code   104  armuart.o(i.Uart2SendStr)
    Uart4Deinit                              0x080123dd   Thumb Code    82  bsp.o(i.Uart4Deinit)
    Uart4SendStr                             0x08012441   Thumb Code    64  usart4.o(i.Uart4SendStr)
    UartBufInit                              0x08012491   Thumb Code    36  mw_uart.o(i.UartBufInit)
    UartSendData8                            0x080124b9   Thumb Code    20  mw_uart.o(i.UartSendData8)
    UartTxData_Direct                        0x080124d1   Thumb Code    52  mw_uart.o(i.UartTxData_Direct)
    VM4CanInit                               0x08012509   Thumb Code    24  usart4.o(i.VM4CanInit)
    VMCanInit                                0x08012535   Thumb Code    24  usart1.o(i.VMCanInit)
    VectorRemap                              0x08012561   Thumb Code    56  bsp.o(i.VectorRemap)
    Wr7786CkStatProc                         0x080125a1   Thumb Code   280  radio.o(i.Wr7786CkStatProc)
    Wr7786PllProc                            0x080126f9   Thumb Code   362  radio.o(i.Wr7786PllProc)
    WritePresetMem                           0x080128a5   Thumb Code    80  radio.o(i.WritePresetMem)
    __ARM_common_switch8                     0x08012909   Thumb Code    28  core.o(i.__ARM_common_switch8)
    main                                     0x080129dd   Thumb Code   202  main.o(i.main)
    sch_memcpy                               0x08012b41   Thumb Code    28  sch_common.o(i.sch_memcpy)
    sch_memset                               0x08012b5d   Thumb Code    22  sch_common.o(i.sch_memset)
    __I$use$fp                               0x08012b72   Number         0  usenofp.o(x$fpl$usenofp)
    leapYearMaxDateTab                       0x08012b72   Data          13  drive.o(.constdata)
    comYearMaxDateTab                        0x08012b7f   Data          13  drive.o(.constdata)
    CanBufAddr                               0x08012b8c   Data          16  mw_can.o(.constdata)
    FMPrmTab                                 0x08012b9c   Data          10  radio.o(.constdata)
    FMPrmEurTab                              0x08012ba6   Data          10  radio.o(.constdata)
    FMPrmUSATab                              0x08012bb0   Data          10  radio.o(.constdata)
    FMPrmLATINTab                            0x08012bba   Data          10  radio.o(.constdata)
    FMPrmAusTab                              0x08012bc4   Data          10  radio.o(.constdata)
    FMPrmRussiaTab                           0x08012bce   Data          10  radio.o(.constdata)
    FMORTPrmTab                              0x08012bd8   Data          10  radio.o(.constdata)
    FMPrmJapenTab                            0x08012be2   Data          10  radio.o(.constdata)
    FMPrmBrazilTab                           0x08012bec   Data          10  radio.o(.constdata)
    AMPrmTab                                 0x08012bf6   Data          10  radio.o(.constdata)
    AMPrmEurTab                              0x08012c00   Data          10  radio.o(.constdata)
    AMPrmUSATab                              0x08012c0a   Data          10  radio.o(.constdata)
    AMPrmLATINTab                            0x08012c14   Data          10  radio.o(.constdata)
    AMPrmAusTab                              0x08012c1e   Data          10  radio.o(.constdata)
    AMPrmRussiaTab                           0x08012c28   Data          10  radio.o(.constdata)
    AMPrmJapanTab                            0x08012c32   Data          10  radio.o(.constdata)
    LWPrmJapanTab                            0x08012c3c   Data          10  radio.o(.constdata)
    AMPrmBrazilTab                           0x08012c46   Data          10  radio.o(.constdata)
    FMStatInitTab                            0x08012c50   Data          36  radio.o(.constdata)
    FMStatInitEurTab                         0x08012c74   Data          36  radio.o(.constdata)
    FMStatInitUSATab                         0x08012c98   Data          36  radio.o(.constdata)
    FMStatInitLatinTab                       0x08012cbc   Data          36  radio.o(.constdata)
    FMStatInitAusTab                         0x08012ce0   Data          36  radio.o(.constdata)
    FMStatInitRussiaTab                      0x08012d04   Data          36  radio.o(.constdata)
    FMStatInitJapenTab                       0x08012d28   Data          36  radio.o(.constdata)
    FMStatInitBrazilTab                      0x08012d4c   Data          36  radio.o(.constdata)
    FMORTStatInitTab                         0x08012d70   Data          12  radio.o(.constdata)
    AMStatInitTab                            0x08012d7c   Data          24  radio.o(.constdata)
    AMStatInitEurTab                         0x08012d94   Data          24  radio.o(.constdata)
    AMStatInitUSATab                         0x08012dac   Data          24  radio.o(.constdata)
    AMStatInitLATINTab                       0x08012dc4   Data          24  radio.o(.constdata)
    AMStatInitAusTab                         0x08012ddc   Data          24  radio.o(.constdata)
    AMStatInitRussiaTab                      0x08012df4   Data          24  radio.o(.constdata)
    AMStatInitJapenTab                       0x08012e0c   Data          24  radio.o(.constdata)
    LWStatInitJapenTab                       0x08012e24   Data          12  radio.o(.constdata)
    AMStatInitBrazilTab                      0x08012e30   Data          24  radio.o(.constdata)
    Area                                     0x08012e48   Data        1848  radio.o(.constdata)
    UartBufAddr                              0x08013580   Data          48  mw_uart.o(.constdata)
    Region$$Table$$Base                      0x08015d18   Number         0  anon$$obj.o(Region$$Table)
    Region$$Table$$Limit                     0x08015d38   Number         0  anon$$obj.o(Region$$Table)
    Jump_To_Iap                              0x200000c4   Data           4  bsp.o(.data)
    IAPJumpAddress                           0x200000c8   Data           4  bsp.o(.data)
    EXTI_InitStructure                       0x200000cc   Data           8  bsp.o(.data)
    NVIC_InitStructure                       0x200000d4   Data           3  bsp.o(.data)
    bootflag                                 0x200000d8   Data           2  bsp.o(.data)
    bwakeupfor                               0x200000da   Data           1  core.o(.data)
    fastback                                 0x200000db   Data           1  core.o(.data)
    sysflag0                                 0x200000dc   Data           1  core.o(.data)
    rAreaSt                                  0x200000dd   Data           1  core.o(.data)
    armsetpowerorsleepFlag                   0x200000de   Data           1  core.o(.data)
    armsetsleeptime                          0x200000df   Data           1  core.o(.data)
    bfirstbat                                0x200000e0   Data           1  core.o(.data)
    btracedata                               0x200000e1   Data           1  core.o(.data)
    bfastarm2updatetimeout                   0x200000e2   Data           2  core.o(.data)
    radioinfoState1                          0x200000e4   Data           1  core.o(.data)
    radioinfoState2                          0x200000e5   Data           1  core.o(.data)
    rdsinfoState3                            0x200000e6   Data           1  core.o(.data)
    wakeupdetectHas                          0x200000e7   Data           1  detection.o(.data)
    wakeupdetectNo                           0x200000e8   Data           1  detection.o(.data)
    wakeupFlag                               0x200000e9   Data           1  detection.o(.data)
    accdetectTimeNo                          0x200000ea   Data           1  detection.o(.data)
    accdetectTimeHas                         0x200000eb   Data           1  detection.o(.data)
    accexistFlag                             0x200000ec   Data           1  detection.o(.data)
    rBackLightLevel                          0x200000ed   Data           1  detection.o(.data)
    backdetectTimeHas                        0x200000ee   Data           1  detection.o(.data)
    backdetectTimeNo                         0x200000ef   Data           1  detection.o(.data)
    backexistFlag                            0x200000f0   Data           1  detection.o(.data)
    brakedetectTimeHas                       0x200000f1   Data           1  detection.o(.data)
    brakedetectTimeNo                        0x200000f2   Data           1  detection.o(.data)
    brakeexistFlag                           0x200000f3   Data           1  detection.o(.data)
    carilldetectTimeHas                      0x200000f4   Data           1  detection.o(.data)
    carilldetectTimeNo                       0x200000f5   Data           1  detection.o(.data)
    carillexistFlag                          0x200000f6   Data           1  detection.o(.data)
    oldbackexistFlag                         0x200000f7   Data           1  detection.o(.data)
    oldcarillexistFlag                       0x200000f8   Data           1  detection.o(.data)
    oldbrakeexistFlag                        0x200000f9   Data           1  detection.o(.data)
    batok                                    0x200000fa   Data           1  detection.o(.data)
    timerInterruptAdd                        0x200000fe   Data           1  drive.o(.data)
    system10ms                               0x200000ff   Data           1  drive.o(.data)
    btime10ms                                0x20000100   Data           1  drive.o(.data)
    btime100ms                               0x20000101   Data           1  drive.o(.data)
    btime200ms                               0x20000102   Data           1  drive.o(.data)
    btime500ms                               0x20000103   Data           1  drive.o(.data)
    btime1s                                  0x20000104   Data           1  drive.o(.data)
    bradio10ms                               0x20000105   Data           1  drive.o(.data)
    bswc10ms                                 0x20000106   Data           1  drive.o(.data)
    bkey10ms                                 0x20000107   Data           1  drive.o(.data)
    bother10ms                               0x20000108   Data           1  drive.o(.data)
    bmuteflag                                0x20000109   Data           1  drive.o(.data)
    bmutetime                                0x2000010a   Data           2  drive.o(.data)
    bArmmute                                 0x2000010c   Data           1  drive.o(.data)
    bawuFlag                                 0x2000010d   Data           1  drive.o(.data)
    externAMP                                0x2000010e   Data           1  drive.o(.data)
    externANT                                0x2000010f   Data           1  drive.o(.data)
    armsettimeStatus                         0x20000110   Data           1  drive.o(.data)
    scanpanelkeyLeftStatus                   0x20000111   Data           1  key.o(.data)
    scanpanelkeyRightStatus                  0x20000112   Data           1  key.o(.data)
    bencodekeydisflag                        0x20000113   Data           1  key.o(.data)
    volEncodeCurrentState                    0x20000114   Data           1  key.o(.data)
    tunEncodeCurrentState                    0x20000115   Data           1  key.o(.data)
    bpowerkey                                0x20000116   Data           1  key.o(.data)
    bwaitpowerkey                            0x20000117   Data           1  key.o(.data)
    rKeyResult                               0x20000118   Data           1  key.o(.data)
    keysaveindex                             0x20000119   Data           1  key.o(.data)
    keygetindex                              0x2000011a   Data           1  key.o(.data)
    bpowerkeypresstime                       0x2000011b   Data           1  key.o(.data)
    usart2SendSave                           0x2000012c   Data           2  armuart.o(.data)
    usart2SendIndex                          0x2000012e   Data           2  armuart.o(.data)
    usart2Sendbusy                           0x20000130   Data           1  armuart.o(.data)
    usart2Receivesave                        0x20000132   Data           2  armuart.o(.data)
    usart2Receiveget                         0x20000134   Data           2  armuart.o(.data)
    armcmd_cnt                               0x20000136   Data           1  armuart.o(.data)
    rAccSt                                   0x20000137   Data           1  armuart.o(.data)
    armsourceState                           0x20000138   Data           1  armuart.o(.data)
    forRadioAreaMute                         0x20000139   Data           1  armuart.o(.data)
    bpoweronFlag                             0x2000013a   Data           1  armuart.o(.data)
    AAC_AirHeatL                             0x2000013b   Data           1  armuart.o(.data)
    AAC_AirHeatR                             0x2000013c   Data           1  armuart.o(.data)
    scanswckeyStatus                         0x2000013e   Data           1  swc.o(.data)
    CH_Arry                                  0x2000013f   Data           2  swc.o(.data)
    AD_SW_Tab2                               0x20000142   Data         170  swc.o(.data)
    AD_SW_Tab                                0x200001ec   Data         170  swc.o(.data)
    usart1SendSave                           0x2000029c   Data           2  usart1.o(.data)
    usart1SendIndex                          0x2000029e   Data           2  usart1.o(.data)
    usart1Sendbusy                           0x200002a0   Data           1  usart1.o(.data)
    usart1Receivesave                        0x200002a2   Data           2  usart1.o(.data)
    usart1Receiveget                         0x200002a4   Data           2  usart1.o(.data)
    bCanTimeour                              0x200002a6   Data           1  usart1.o(.data)
    bCan4Timeour                             0x200002a7   Data           1  usart1.o(.data)
    canbaudRate                              0x200002a8   Data           4  usart1.o(.data)
    CAN0_TX_QUEUE                            0x200002ac   Data          16  mw_can.o(.data)
    CAN0_RX_QUEUE                            0x200002bc   Data          16  mw_can.o(.data)
    CAN1_TX_QUEUE                            0x200002cc   Data          16  mw_can.o(.data)
    CAN1_RX_QUEUE                            0x200002dc   Data          16  mw_can.o(.data)
    bsystem10msflag                          0x200002ec   Data           2  mw_can.o(.data)
    Can_Arry                                 0x200002f0   Data           4  mw_can.o(.data)
    rIrdRecSt                                0x20000304   Data           1  irda.o(.data)
    Rmt_X4ms                                 0x20000305   Data           1  irda.o(.data)
    Testtime_x10ms                           0x20000308   Data           4  irda.o(.data)
    Testtime_x100ms                          0x2000030c   Data           4  irda.o(.data)
    Rmt_time_cnt                             0x20000310   Data           4  irda.o(.data)
    cRmtDataBits                             0x20000314   Data           1  irda.o(.data)
    rRmtSt                                   0x20000315   Data           1  irda.o(.data)
    RmtKyBak                                 0x20000318   Data           4  irda.o(.data)
    Remote_cnt_st                            0x2000031c   Data           1  irda.o(.data)
    RxRemoteBuff                             0x2000031d   Data           4  irda.o(.data)
    RmtFlag                                  0x20000321   Data           1  irda.o(.data)
    m_iIrCode                                0x20000322   Data           2  irda.o(.data)
    m_iCodeType                              0x20000324   Data           1  irda.o(.data)
    g_IrDAKeyMap                             0x20000325   Data          40  irda.o(.data)
    g_SWIrDAKeyMap                           0x2000034d   Data          40  irda.o(.data)
    FM_RDS_TP                                0x20000376   Data           1  radio.o(.data)
    FM_RDS_PTY                               0x20000377   Data           1  radio.o(.data)
    FM_RDS_PI                                0x20000378   Data           2  radio.o(.data)
    FM_RDS_RdsFifoUsed                       0x2000037a   Data           1  radio.o(.data)
    FM_RDS_BleA                              0x2000037b   Data           1  radio.o(.data)
    FM_RDS_BleB                              0x2000037c   Data           1  radio.o(.data)
    FM_RDS_BleC                              0x2000037d   Data           1  radio.o(.data)
    FM_RDS_BleCp                             0x2000037e   Data           1  radio.o(.data)
    FM_RDS_BleD                              0x2000037f   Data           1  radio.o(.data)
    FM_RDS_BlockA                            0x20000380   Data           2  radio.o(.data)
    FM_RDS_BlockB                            0x20000382   Data           2  radio.o(.data)
    FM_RDS_BlockC                            0x20000384   Data           2  radio.o(.data)
    FM_RDS_BlockCp                           0x20000386   Data           2  radio.o(.data)
    FM_RDS_BlockD                            0x20000388   Data           2  radio.o(.data)
    rSi475xCkStationSt                       0x2000038a   Data           1  radio.o(.data)
    cDTSParmIndex                            0x2000038b   Data           1  radio.o(.data)
    rSi475xDataBuff1                         0x2000038c   Data           7  radio.o(.data)
    FMAsStat                                 0x20000394   Data           2  radio.o(.data)
    AMAsStat                                 0x20000396   Data           2  radio.o(.data)
    cBand                                    0x20000398   Data           1  radio.o(.data)
    cReqBand                                 0x20000399   Data           1  radio.o(.data)
    cBandBak                                 0x2000039a   Data           1  radio.o(.data)
    cRadStatNum                              0x2000039c   Data           2  radio.o(.data)
    ArmTxFreData                             0x2000039e   Data           2  radio.o(.data)
    OriginStNum                              0x200003a0   Data           2  radio.o(.data)
    cRadStatBak                              0x200003a2   Data           2  radio.o(.data)
    cPSNum                                   0x200003a4   Data           1  radio.o(.data)
    cReqPSNum                                0x200003a5   Data           1  radio.o(.data)
    cFMASNum                                 0x200003a6   Data           1  radio.o(.data)
    cFMOrtNum                                0x200003a7   Data           1  radio.o(.data)
    cAMASNum                                 0x200003a8   Data           1  radio.o(.data)
    cSWASNum                                 0x200003a9   Data           1  radio.o(.data)
    cPSNumBak                                0x200003aa   Data           1  radio.o(.data)
    SMeterBuff                               0x200003ab   Data           6  radio.o(.data)
    FreData1                                 0x200003b2   Data           2  radio.o(.data)
    rRadMainSt                               0x200003b4   Data           1  radio.o(.data)
    rRadSubSt                                0x200003b5   Data           1  radio.o(.data)
    Rad_X64ms                                0x200003b6   Data           1  radio.o(.data)
    Rad_X4ms                                 0x200003b7   Data           1  radio.o(.data)
    Rad_Seek_X4ms                            0x200003b8   Data           1  radio.o(.data)
    Rad_Err_X4ms                             0x200003b9   Data           1  radio.o(.data)
    Rad_ChkStat_X4ms                         0x200003ba   Data           2  radio.o(.data)
    Rad_SMeter_X64ms                         0x200003bc   Data           1  radio.o(.data)
    Rad_SMeter_X256ms                        0x200003bd   Data           1  radio.o(.data)
    rRadMeterLevel                           0x200003be   Data           2  radio.o(.data)
    rRadSTLevel                              0x200003c0   Data           1  radio.o(.data)
    rRAD_WAM                                 0x200003c1   Data           1  radio.o(.data)
    rRAD_USN                                 0x200003c2   Data           1  radio.o(.data)
    rRAD_SNR                                 0x200003c3   Data           1  radio.o(.data)
    rRadFreOffset                            0x200003c4   Data           1  radio.o(.data)
    Manu5STmr_X512ms                         0x200003c5   Data           1  radio.o(.data)
    rPrgmPllSt                               0x200003c6   Data           1  radio.o(.data)
    ChkStatSt                                0x200003c7   Data           1  radio.o(.data)
    rRadDispSt                               0x200003c8   Data           1  radio.o(.data)
    DevInitSt                                0x200003c9   Data           1  radio.o(.data)
    rRadTmpDpSt                              0x200003ca   Data           1  radio.o(.data)
    rPtyMusicSum                             0x200003cb   Data           1  radio.o(.data)
    rPtySpeechSum                            0x200003cc   Data           1  radio.o(.data)
    rRadFlg0                                 0x200003cd   Data           1  radio.o(.data)
    rRadFlg1                                 0x200003ce   Data           1  radio.o(.data)
    rRadFlg2                                 0x200003cf   Data           1  radio.o(.data)
    rRadFlg3                                 0x200003d0   Data           1  radio.o(.data)
    rRadStatFlg0                             0x200003d1   Data           1  radio.o(.data)
    rRadStatFlg1                             0x200003d2   Data           1  radio.o(.data)
    rRadStatFlg2                             0x200003d3   Data           1  radio.o(.data)
    rRadStatFlg3                             0x200003d4   Data           1  radio.o(.data)
    usart4SendSave                           0x200003d6   Data           2  usart4.o(.data)
    usart4SendIndex                          0x200003d8   Data           2  usart4.o(.data)
    usart4Sendbusy                           0x200003da   Data           1  usart4.o(.data)
    usart4Receivesave                        0x200003dc   Data           2  usart4.o(.data)
    usart4Receiveget                         0x200003de   Data           2  usart4.o(.data)
    CancommandReceiveget                     0x200003e0   Data           2  usart4.o(.data)
    IO_CAN_R_EXIST                           0x200003e2   Data           1  usart4.o(.data)
    IO_CAN_R_EXIST_Timer                     0x200003e3   Data           1  usart4.o(.data)
    MESSAGE_QUEUE                            0x200003e4   Data         144  sch_message.o(.data)
    UART0_TX_QUEUE                           0x20000474   Data          16  mw_uart.o(.data)
    UART0_RX_QUEUE                           0x20000484   Data          16  mw_uart.o(.data)
    UART1_TX_QUEUE                           0x20000494   Data          16  mw_uart.o(.data)
    UART1_RX_QUEUE                           0x200004a4   Data          16  mw_uart.o(.data)
    UART2_TX_QUEUE                           0x200004b4   Data          16  mw_uart.o(.data)
    UART2_RX_QUEUE                           0x200004c4   Data          16  mw_uart.o(.data)
    UART3_TX_QUEUE                           0x200004d4   Data          16  mw_uart.o(.data)
    UART3_RX_QUEUE                           0x200004e4   Data          16  mw_uart.o(.data)
    UART4_TX_QUEUE                           0x200004f4   Data          16  mw_uart.o(.data)
    UART4_RX_QUEUE                           0x20000504   Data          16  mw_uart.o(.data)
    UART5_TX_QUEUE                           0x20000514   Data          16  mw_uart.o(.data)
    UART5_RX_QUEUE                           0x20000524   Data          16  mw_uart.o(.data)
    Uart_Arry                                0x20000534   Data          20  mw_uart.o(.data)
    cRdsPiChkCnt                             0x20000548   Data           1  rds.o(.data)
    rRdsMainSt                               0x20000549   Data           1  rds.o(.data)
    rRdsAfDetSt                              0x2000054a   Data           1  rds.o(.data)
    rRdsAfSt                                 0x2000054b   Data           1  rds.o(.data)
    rRdsSubSt                                0x2000054c   Data           1  rds.o(.data)
    rRdsFlag                                 0x2000054d   Data           1  rds.o(.data)
    rRdsFlag1                                0x2000054e   Data           1  rds.o(.data)
    rRdsFlag2                                0x2000054f   Data           1  rds.o(.data)
    rRdsFlag3                                0x20000550   Data           1  rds.o(.data)
    rRdsFlag4                                0x20000551   Data           1  rds.o(.data)
    rRdsFlag5                                0x20000552   Data           1  rds.o(.data)
    rRdsFlag6                                0x20000553   Data           1  rds.o(.data)
    rRdsCurSR32                              0x20000554   Data           2  rds.o(.data)
    rRdsCrch                                 0x20000556   Data           1  rds.o(.data)
    rRdsCrcl                                 0x20000557   Data           1  rds.o(.data)
    cRdsCnt                                  0x20000558   Data           1  rds.o(.data)
    cRdsBits                                 0x20000559   Data           1  rds.o(.data)
    rRdsBlock                                0x2000055a   Data           1  rds.o(.data)
    rRdsSyncLevel                            0x2000055b   Data           1  rds.o(.data)
    rRdsPsStat                               0x2000055c   Data           1  rds.o(.data)
    rRdsRTStat                               0x2000055d   Data           1  rds.o(.data)
    rRdsRTFlag                               0x20000560   Data           4  rds.o(.data)
    rRdsGbsStat                              0x20000564   Data           1  rds.o(.data)
    rRdsSyncSt                               0x20000565   Data           1  rds.o(.data)
    rRdsSR                                   0x20000568   Data           4  rds.o(.data)
    cRdsBitStk                               0x2000056c   Data           3  rds.o(.data)
    rRdsBlkStk                               0x2000056f   Data           3  rds.o(.data)
    rRdsAfCtrl1                              0x20000572   Data           1  rds.o(.data)
    rRdsRevdAfNum                            0x20000573   Data           1  rds.o(.data)
    rRdsStorAfNb                             0x20000574   Data           1  rds.o(.data)
    rRdsAFStatBak                            0x20000575   Data           1  rds.o(.data)
    rRdsAfFirst                              0x20000576   Data           1  rds.o(.data)
    rRdsDispSt                               0x20000577   Data           1  rds.o(.data)
    RdsExtr_X4ms                             0x20000578   Data           1  rds.o(.data)
    RdsSync_X8ms                             0x20000579   Data           1  rds.o(.data)
    RdsPty_X32ms                             0x2000057a   Data           1  rds.o(.data)
    RdsPty_X128ms                            0x2000057b   Data           1  rds.o(.data)
    rRdRDS_X4ms                              0x2000057c   Data           1  rds.o(.data)
    RdsTraffic_X64ms                         0x2000057d   Data           1  rds.o(.data)
    RdsMeasure_X16ms                         0x2000057e   Data           1  rds.o(.data)
    RdsReceive_X32ms                         0x2000057f   Data           1  rds.o(.data)
    RdsTpSeek_X500ms                         0x20000580   Data           1  rds.o(.data)
    RdsPiSeek_X500ms                         0x20000581   Data           1  rds.o(.data)
    RdsMsAf_X500ms                           0x20000582   Data           1  rds.o(.data)
    RdsMsAf_X128ms                           0x20000583   Data           1  rds.o(.data)
    RdsMeasure_X32ms                         0x20000584   Data           1  rds.o(.data)
    REAL_PI                                  0x20000588   Data           4  rds.o(.data)
    REAL_PILast                              0x2000058c   Data           4  rds.o(.data)
    REAL_PILast2                             0x20000590   Data           4  rds.o(.data)
    REAL_PIBackup                            0x20000594   Data           4  rds.o(.data)
    REAL_PISeekBackup                        0x20000598   Data           4  rds.o(.data)
    REAL_PISeekTimer                         0x2000059c   Data           4  rds.o(.data)
    REAL_PTY                                 0x200005a0   Data           1  rds.o(.data)
    REAL_PTYLast                             0x200005a1   Data           1  rds.o(.data)
    REAL_RDSBufferReadTimer                  0x200005a2   Data           1  rds.o(.data)
    rRdsExtStat                              0x200005a3   Data           1  rds.o(.data)
    rRdsTaTpStat                             0x200005a4   Data           1  rds.o(.data)
    cRdsTpCnt                                0x200005a5   Data           1  rds.o(.data)
    rRdsPtyStat                              0x200005a6   Data           1  rds.o(.data)
    rRdsGroup                                0x200005a7   Data           1  rds.o(.data)
    rRdsPsNameAct                            0x200005a8   Data           8  rds.o(.data)
    rRdsPsNameSto                            0x200005b0   Data           8  rds.o(.data)
    rRdsPiStat                               0x200005b8   Data           1  rds.o(.data)
    rRdsPiCode                               0x200005ba   Data           2  rds.o(.data)
    Rds_SwafFixPi                            0x200005bc   Data           2  rds.o(.data)
    Rds_SwafFixPiBak                         0x200005be   Data           2  rds.o(.data)
    rRDSAFLevel                              0x200005c0   Data           1  rds.o(.data)
    rRdsSmeterBuff                           0x200005c2   Data           2  rds.o(.data)
    cSmeterCnt                               0x200005c4   Data           1  rds.o(.data)
    rRDSSmeter1                              0x200005c5   Data           1  rds.o(.data)
    rRDSSmeter2                              0x200005c6   Data           1  rds.o(.data)
    rRDSSmeter3                              0x200005c7   Data           1  rds.o(.data)
    rRdsUTCHour                              0x200005c8   Data           1  rds.o(.data)
    rRdsUTCMin                               0x200005c9   Data           1  rds.o(.data)
    rRdsLTOffset                             0x200005ca   Data           1  rds.o(.data)
    cRdsAfDet                                0x200005cb   Data           1  rds.o(.data)
    rAfMeasureTimer                          0x200005cc   Data           1  rds.o(.data)
    rCurStaSig                               0x200005cd   Data           1  rds.o(.data)
    cAfTimer_X128ms                          0x200005ce   Data           1  rds.o(.data)
    rPtyType                                 0x200005cf   Data           1  rds.o(.data)
    rPtySTabPnt                              0x200005d0   Data           1  rds.o(.data)
    rOldRdMNumM                              0x200005d1   Data           1  rds.o(.data)
    rOldRdMNumS                              0x200005d2   Data           1  rds.o(.data)
    cBandBackup                              0x200005d3   Data           1  rds.o(.data)
    rRdsStoPty                               0x200005d4   Data           1  rds.o(.data)
    rRdsStoPtyTemp                           0x200005d5   Data           1  rds.o(.data)
    rds_data                                 0x200005d8   Data           4  rds.o(.data)
    rRdsDataBits                             0x200005dc   Data           1  rds.o(.data)
    rCrch                                    0x200005dd   Data           1  rds.o(.data)
    rcrcl                                    0x200005de   Data           1  rds.o(.data)
    rRdsEonVar                               0x200005e2   Data           1  rdseon.o(.data)
    rRdsEonData1                             0x200005e3   Data           1  rdseon.o(.data)
    rRdsEonData2                             0x200005e4   Data           1  rdseon.o(.data)
    rRdsEonTaSt                              0x200005e5   Data           1  rdseon.o(.data)
    rRdsEonTaIdx                             0x200005e6   Data           1  rdseon.o(.data)
    rRdsEonPtySt                             0x200005e7   Data           1  rdseon.o(.data)
    rRdsEonPtyIdx                            0x200005e8   Data           1  rdseon.o(.data)
    rRdsEon_X64ms                            0x200005e9   Data           1  rdseon.o(.data)
    rRdsEonIdx                               0x200005ea   Data           1  rdseon.o(.data)
    rRdsEonFlag                              0x200005eb   Data           1  rdseon.o(.data)
    rRdsAfIdx                                0x200005ec   Data           1  rdseon.o(.data)
    Tuner                                    0x200005f0   Data           2  tuner_elite.o(.data)
    FmIdx                                    0x200005f2   Data           1  tuner_elite.o(.data)
    AmIdx                                    0x200005f3   Data           1  tuner_elite.o(.data)
    adcvalueBuff                             0x20000604   Data          12  bsp.o(.bss)
    System                                   0x20000610   Data          13  core.o(.bss)
    core                                     0x2000061e   Data          12  core.o(.bss)
    armkey                                   0x2000062a   Data          11  core.o(.bss)
    armtime                                  0x20000636   Data          10  drive.o(.bss)
    keybuff                                  0x20000640   Data          24  key.o(.bss)
    usart2Sendbuff                           0x20000658   Data         512  armuart.o(.bss)
    usart2Receivebuff                        0x20000858   Data         512  armuart.o(.bss)
    armcommandbuff                           0x20000a58   Data         512  armuart.o(.bss)
    armcmd_temp                              0x20000c58   Data         255  armuart.o(.bss)
    AD_SW_Info                               0x20000d58   Data          10  swc.o(.bss)
    AD_SW2_Info                              0x20000d62   Data          10  swc.o(.bss)
    usart1SendData                           0x20000d94   Data         256  usart1.o(.bss)
    usart1Receivebuff                        0x20000e94   Data         256  usart1.o(.bss)
    lincommandbuff                           0x20000f94   Data         200  usart1.o(.bss)
    AAC_DataRx                               0x2000105c   Data          13  app_can.o(.bss)
    AAC_DataTx                               0x20001069   Data          13  app_can.o(.bss)
    Can0_TX_buf                              0x20001078   Data         200  mw_can.o(.bss)
    Can0_RX_buf                              0x20001140   Data         200  mw_can.o(.bss)
    Can1_TX_buf                              0x20001208   Data         200  mw_can.o(.bss)
    Can1_RX_buf                              0x200012d0   Data         200  mw_can.o(.bss)
    Com10Buff                                0x20001398   Data          10  radio.o(.bss)
    FMPresetMem                              0x200013a2   Data          48  radio.o(.bss)
    AMPresetMem                              0x200013d2   Data          24  radio.o(.bss)
    FMAsMem                                  0x200013ea   Data          72  radio.o(.bss)
    AMAsMem                                  0x20001432   Data          48  radio.o(.bss)
    BandMsgMem                               0x20001462   Data          12  radio.o(.bss)
    usart4Sendbuff                           0x2000146e   Data         256  usart4.o(.bss)
    usart4Receivebuff                        0x2000156e   Data         256  usart4.o(.bss)
    Cancommandbuff                           0x2000166e   Data         100  usart4.o(.bss)
    Cancommandbuff_bak                       0x200016d2   Data         255  usart4.o(.bss)
    Queue                                    0x200017d2   Data         360  sch_message.o(.bss)
    Uart0_TX_buf                             0x2000193a   Data         128  mw_uart.o(.bss)
    Uart0_RX_buf                             0x200019ba   Data         128  mw_uart.o(.bss)
    Uart1_TX_buf                             0x20001a3a   Data         128  mw_uart.o(.bss)
    Uart1_RX_buf                             0x20001aba   Data         128  mw_uart.o(.bss)
    Uart2_TX_buf                             0x20001b3a   Data         128  mw_uart.o(.bss)
    Uart2_RX_buf                             0x20001bba   Data         128  mw_uart.o(.bss)
    Uart3_TX_buf                             0x20001c3a   Data         128  mw_uart.o(.bss)
    Uart3_RX_buf                             0x20001cba   Data         128  mw_uart.o(.bss)
    Uart4_TX_buf                             0x20001d3a   Data         128  mw_uart.o(.bss)
    Uart4_RX_buf                             0x20001dba   Data         128  mw_uart.o(.bss)
    Uart5_TX_buf                             0x20001e3a   Data         128  mw_uart.o(.bss)
    Uart5_RX_buf                             0x20001eba   Data         128  mw_uart.o(.bss)
    rRdsDafFmFreq                            0x20001f3a   Data          25  rds.o(.bss)
    rRdsDafFmFreqCnt                         0x20001f53   Data          25  rds.o(.bss)
    rRdsRTNameAct                            0x20001f6c   Data          64  rds.o(.bss)
    rRdsRTNameSto                            0x20001fac   Data          64  rds.o(.bss)
    PresetPiCode                             0x20001fec   Data          12  rds.o(.bss)
    RDSPreMem                                0x20001ff8   Data        2100  rds.o(.bss)
    RDSEonBlkData                            0x2000282c   Data         224  rdseon.o(.bss)
    Radio_7786                               0x2000290c   Data         640  tuner_elite.o(.bss)
    RDS                                      0x20002b8c   Data          52  tuner_elite.o(.bss)
    __libspace_start                         0x20002bc0   Data          96  libspace.o(.bss)
    __temporary_stack_top$libspace           0x20002c20   Data           0  libspace.o(.bss)



==============================================================================

Memory Map of the image

  Image Entry point : 0x080018c1

  Load Region LR_IROM1 (Base: 0x08001800, Size: 0x00014a7c, Max: 0x00020000, ABSOLUTE, COMPRESSED[0x00014668])

    Execution Region ER_IROM1 (Base: 0x08001800, Size: 0x00014538, Max: 0x00020000, ABSOLUTE)

    Base Addr    Size         Type   Attr      Idx    E Section Name        Object

    0x08001800   0x000000c0   Data   RO            3    RESET               startup_stm32f072xb.o
    0x080018c0   0x00000008   Code   RO         5508  * !!!main             c_p.l(__main.o)
    0x080018c8   0x0000003c   Code   RO         5707    !!!scatter          c_p.l(__scatter.o)
    0x08001904   0x0000001c   Code   RO         5709    !!handler_zi        c_p.l(__scatter_zi.o)
    0x08001920   0x00000002   Code   RO         5572    .ARM.Collect$$libinit$$00000000  c_p.l(libinit.o)
    0x08001922   0x00000000   Code   RO         5588    .ARM.Collect$$libinit$$00000002  c_p.l(libinit2.o)
    0x08001922   0x00000000   Code   RO         5590    .ARM.Collect$$libinit$$00000004  c_p.l(libinit2.o)
    0x08001922   0x00000000   Code   RO         5593    .ARM.Collect$$libinit$$0000000A  c_p.l(libinit2.o)
    0x08001922   0x00000000   Code   RO         5595    .ARM.Collect$$libinit$$0000000C  c_p.l(libinit2.o)
    0x08001922   0x00000000   Code   RO         5597    .ARM.Collect$$libinit$$0000000E  c_p.l(libinit2.o)
    0x08001922   0x00000000   Code   RO         5600    .ARM.Collect$$libinit$$00000011  c_p.l(libinit2.o)
    0x08001922   0x00000000   Code   RO         5602    .ARM.Collect$$libinit$$00000013  c_p.l(libinit2.o)
    0x08001922   0x00000000   Code   RO         5604    .ARM.Collect$$libinit$$00000015  c_p.l(libinit2.o)
    0x08001922   0x00000000   Code   RO         5606    .ARM.Collect$$libinit$$00000017  c_p.l(libinit2.o)
    0x08001922   0x00000000   Code   RO         5608    .ARM.Collect$$libinit$$00000019  c_p.l(libinit2.o)
    0x08001922   0x00000000   Code   RO         5610    .ARM.Collect$$libinit$$0000001B  c_p.l(libinit2.o)
    0x08001922   0x00000000   Code   RO         5612    .ARM.Collect$$libinit$$0000001D  c_p.l(libinit2.o)
    0x08001922   0x00000000   Code   RO         5614    .ARM.Collect$$libinit$$0000001F  c_p.l(libinit2.o)
    0x08001922   0x00000000   Code   RO         5616    .ARM.Collect$$libinit$$00000021  c_p.l(libinit2.o)
    0x08001922   0x00000000   Code   RO         5618    .ARM.Collect$$libinit$$00000023  c_p.l(libinit2.o)
    0x08001922   0x00000000   Code   RO         5620    .ARM.Collect$$libinit$$00000025  c_p.l(libinit2.o)
    0x08001922   0x00000000   Code   RO         5624    .ARM.Collect$$libinit$$0000002C  c_p.l(libinit2.o)
    0x08001922   0x00000000   Code   RO         5626    .ARM.Collect$$libinit$$0000002E  c_p.l(libinit2.o)
    0x08001922   0x00000000   Code   RO         5628    .ARM.Collect$$libinit$$00000030  c_p.l(libinit2.o)
    0x08001922   0x00000000   Code   RO         5630    .ARM.Collect$$libinit$$00000032  c_p.l(libinit2.o)
    0x08001922   0x00000002   Code   RO         5631    .ARM.Collect$$libinit$$00000033  c_p.l(libinit2.o)
    0x08001924   0x00000002   Code   RO         5662    .ARM.Collect$$libshutdown$$00000000  c_p.l(libshutdown.o)
    0x08001926   0x00000000   Code   RO         5688    .ARM.Collect$$libshutdown$$00000002  c_p.l(libshutdown2.o)
    0x08001926   0x00000000   Code   RO         5690    .ARM.Collect$$libshutdown$$00000004  c_p.l(libshutdown2.o)
    0x08001926   0x00000000   Code   RO         5693    .ARM.Collect$$libshutdown$$00000007  c_p.l(libshutdown2.o)
    0x08001926   0x00000000   Code   RO         5696    .ARM.Collect$$libshutdown$$0000000A  c_p.l(libshutdown2.o)
    0x08001926   0x00000000   Code   RO         5698    .ARM.Collect$$libshutdown$$0000000C  c_p.l(libshutdown2.o)
    0x08001926   0x00000000   Code   RO         5701    .ARM.Collect$$libshutdown$$0000000F  c_p.l(libshutdown2.o)
    0x08001926   0x00000002   Code   RO         5702    .ARM.Collect$$libshutdown$$00000010  c_p.l(libshutdown2.o)
    0x08001928   0x00000000   Code   RO         5529    .ARM.Collect$$rtentry$$00000000  c_p.l(__rtentry.o)
    0x08001928   0x00000000   Code   RO         5538    .ARM.Collect$$rtentry$$00000002  c_p.l(__rtentry2.o)
    0x08001928   0x00000006   Code   RO         5550    .ARM.Collect$$rtentry$$00000004  c_p.l(__rtentry4.o)
    0x0800192e   0x00000000   Code   RO         5540    .ARM.Collect$$rtentry$$00000009  c_p.l(__rtentry2.o)
    0x0800192e   0x00000004   Code   RO         5541    .ARM.Collect$$rtentry$$0000000A  c_p.l(__rtentry2.o)
    0x08001932   0x00000000   Code   RO         5543    .ARM.Collect$$rtentry$$0000000C  c_p.l(__rtentry2.o)
    0x08001932   0x00000008   Code   RO         5544    .ARM.Collect$$rtentry$$0000000D  c_p.l(__rtentry2.o)
    0x0800193a   0x00000002   Code   RO         5579    .ARM.Collect$$rtexit$$00000000  c_p.l(rtexit.o)
    0x0800193c   0x00000000   Code   RO         5635    .ARM.Collect$$rtexit$$00000002  c_p.l(rtexit2.o)
    0x0800193c   0x00000004   Code   RO         5636    .ARM.Collect$$rtexit$$00000003  c_p.l(rtexit2.o)
    0x08001940   0x00000006   Code   RO         5637    .ARM.Collect$$rtexit$$00000004  c_p.l(rtexit2.o)
    0x08001946   0x00000002   PAD
    0x08001948   0x00000038   Code   RO         5496    .emb_text           c_p.l(rt_memcpy.o)
    0x08001980   0x00000038   Code   RO            4    .text               startup_stm32f072xb.o
    0x080019b8   0x00000040   Code   RO         5500    .text               c_p.l(rt_memclr.o)
    0x080019f8   0x0000015a   Code   RO         5502    .text               c_p.l(aeabi_sdiv.o)
    0x08001b52   0x00000006   Code   RO         5506    .text               c_p.l(heapauxi.o)
    0x08001b58   0x00000358   Code   RO         5512    .text               fz_ps.l(daddsub.o)
    0x08001eb0   0x00000448   Code   RO         5514    .text               fz_ps.l(ddiv.o)
    0x080022f8   0x00000048   Code   RO         5517    .text               fz_ps.l(dfixui.o)
    0x08002340   0x00000058   Code   RO         5519    .text               fz_ps.l(dflti.o)
    0x08002398   0x00000248   Code   RO         5521    .text               fz_ps.l(dmul.o)
    0x080025e0   0x0000003e   Code   RO         5558    .text               c_p.l(sys_stackheap_outer.o)
    0x0800261e   0x00000010   Code   RO         5561    .text               c_p.l(exit.o)
    0x0800262e   0x00000002   PAD
    0x08002630   0x00000008   Code   RO         5575    .text               c_p.l(libspace.o)
    0x08002638   0x0000000c   Code   RO         5632    .text               c_p.l(sys_exit.o)
    0x08002644   0x00000002   Code   RO         5651    .text               c_p.l(use_no_semi.o)
    0x08002646   0x00000000   Code   RO         5653    .text               c_p.l(indicate_semi.o)
    0x08002646   0x00000056   Code   RO         5705    .text               c_p.l(__dczerorl2.o)
    0x0800269c   0x0000003c   Code   RO         1410    i.ADC_GetData       swc.o
    0x080026d8   0x000000bc   Code   RO         1412    i.AD_SW2_Key_Scan   swc.o
    0x08002794   0x000000cc   Code   RO         5070    i.AFCheckInit       tuner_elite.o
    0x08002860   0x000009e8   Code   RO         3389    i.ASProc            radio.o
    0x08003248   0x00000144   Code   RO         3390    i.ATProc            radio.o
    0x0800338c   0x00000044   Code   RO          333    i.AdcDeinit         bsp.o
    0x080033d0   0x000000cc   Code   RO          334    i.AdcInit           bsp.o
    0x0800349c   0x000002d8   Code   RO         4622    i.AfDetProc         rds.o
    0x08003774   0x00000058   Code   RO         3724    i.AnalysisCanStr    usart4.o
    0x080037cc   0x00000048   Code   RO          942    i.ArmUartInit       armuart.o
    0x08003814   0x00000024   Code   RO         3392    i.BkupStatNum       radio.o
    0x08003838   0x00000048   Code   RO          335    i.BspInit           bsp.o
    0x08003880   0x00000022   Code   RO          336    i.Bsp_UART_Init     bsp.o
    0x080038a2   0x00000002   PAD
    0x080038a4   0x000000bc   Code   RO         1144    i.CAN_ClearITPendingBit  stm32f0xx_can.o
    0x08003960   0x00000106   Code   RO         1158    i.CAN_Receive       stm32f0xx_can.o
    0x08003a66   0x00000134   Code   RO         1163    i.CAN_Transmit      stm32f0xx_can.o
    0x08003b9a   0x00000002   PAD
    0x08003b9c   0x0000005c   Code   RO           12    i.CEC_CAN_IRQHandler  stm32f0xx_it.o
    0x08003bf8   0x00000030   Code   RO         1669    i.CanPutToBuf       mw_can.o
    0x08003c28   0x00000014   Code   RO         1674    i.Can_Rx_DataPro    mw_can.o
    0x08003c3c   0x00000028   Code   RO         3393    i.ChkNoStat         radio.o
    0x08003c64   0x0000003c   Code   RO         3394    i.ChkStatExist      radio.o
    0x08003ca0   0x00000254   Code   RO         3395    i.Ck7786StatProc    radio.o
    0x08003ef4   0x000000e4   Code   RO          731    i.CloseExternDevice  drive.o
    0x08003fd8   0x00000014   Code   RO         1414    i.ClrKeyInfo        swc.o
    0x08003fec   0x00000088   Code   RO         4914    i.ClrRDSParms       rdsapp.o
    0x08004074   0x00000434   Code   RO          557    i.CoreAccProcess    core.o
    0x080044a8   0x000000a0   Code   RO          558    i.CoreFastArm2update  core.o
    0x08004548   0x00000080   Code   RO          559    i.CoreFastBack      core.o
    0x080045c8   0x00000040   Code   RO          560    i.CoreFastPanel     core.o
    0x08004608   0x00000034   Code   RO          561    i.CoreInit          core.o
    0x0800463c   0x00000214   Code   RO          562    i.CorePowerProcess  core.o
    0x08004850   0x0000003c   Code   RO          563    i.CoreTime          core.o
    0x0800488c   0x0000006c   Code   RO          650    i.CoreWakeupDetect  detection.o
    0x080048f8   0x0000006c   Code   RO          651    i.DetecAccSignal    detection.o
    0x08004964   0x000000c0   Code   RO          652    i.DetecBackSight    detection.o
    0x08004a24   0x00000140   Code   RO          653    i.DetecBat          detection.o
    0x08004b64   0x0000007c   Code   RO          654    i.DetecBrakeSight   detection.o
    0x08004be0   0x0000007c   Code   RO          655    i.DetecCarILL       detection.o
    0x08004c5c   0x000000a0   Code   RO          656    i.DetectInit        detection.o
    0x08004cfc   0x00000034   Code   RO          657    i.DetectSignal      detection.o
    0x08004d30   0x0000004c   Code   RO         5071    i.Disable_RDS_Int   tuner_elite.o
    0x08004d7c   0x00000098   Code   RO          733    i.DriveInit         drive.o
    0x08004e14   0x0000002c   Code   RO           13    i.EXTI0_1_IRQHandler  stm32f0xx_it.o
    0x08004e40   0x0000003c   Code   RO           14    i.EXTI4_15_IRQHandler  stm32f0xx_it.o
    0x08004e7c   0x0000000c   Code   RO         2244    i.EXTI_ClearITPendingBit  stm32f0xx_exti.o
    0x08004e88   0x0000001c   Code   RO         2248    i.EXTI_GetITStatus  stm32f0xx_exti.o
    0x08004ea4   0x00000088   Code   RO         2249    i.EXTI_Init         stm32f0xx_exti.o
    0x08004f2c   0x00000010   Code   RO         2250    i.EXTI_StructInit   stm32f0xx_exti.o
    0x08004f3c   0x0000006c   Code   RO         5072    i.Elite_BootcodeDownload  tuner_elite.o
    0x08004fa8   0x00000030   Code   RO         5073    i.Elite_CmdAFCheck  tuner_elite.o
    0x08004fd8   0x00000030   Code   RO         5074    i.Elite_CmdAFEnd    tuner_elite.o
    0x08005008   0x00000030   Code   RO         5076    i.Elite_CmdChangeAFFreq  tuner_elite.o
    0x08005038   0x000000a4   Code   RO         5077    i.Elite_CmdChangeBand  tuner_elite.o
    0x080050dc   0x00000068   Code   RO         5078    i.Elite_CmdChangeFreq  tuner_elite.o
    0x08005144   0x00000024   Code   RO         5079    i.Elite_CmdMuSICA   tuner_elite.o
    0x08005168   0x00000038   Code   RO         5081    i.Elite_CmdReadAFQual  tuner_elite.o
    0x080051a0   0x00000084   Code   RO         5082    i.Elite_CmdReadMem  tuner_elite.o
    0x08005224   0x00000374   Code   RO         5083    i.Elite_CmdReadSeekStatus  tuner_elite.o
    0x08005598   0x000000b0   Code   RO         5084    i.Elite_CmdReadTDSR  tuner_elite.o
    0x08005648   0x00000094   Code   RO         5085    i.Elite_CmdReadTunerStatus  tuner_elite.o
    0x080056dc   0x00000024   Code   RO         5086    i.Elite_CmdSeekEnd  tuner_elite.o
    0x08005700   0x000001a0   Code   RO         5087    i.Elite_CmdSetFEReg  tuner_elite.o
    0x080058a0   0x000000f8   Code   RO         5088    i.Elite_CmdSetSeekTH  tuner_elite.o
    0x08005998   0x00000030   Code   RO         5090    i.Elite_CmdStartManualSeek  tuner_elite.o
    0x080059c8   0x0000005c   Code   RO         5091    i.Elite_CmdStartup  tuner_elite.o
    0x08005a24   0x00000224   Code   RO         5092    i.Elite_CmdWriteBeCoeff  tuner_elite.o
    0x08005c48   0x000000a4   Code   RO         5093    i.Elite_CmdWriteMem  tuner_elite.o
    0x08005cec   0x0000005c   Code   RO         5094    i.Elite_CmdWriteRead  tuner_elite.o
    0x08005d48   0x000001b4   Code   RO         5098    i.Elite_DirectRead  tuner_elite.o
    0x08005efc   0x00000168   Code   RO         5099    i.Elite_DirectWrite  tuner_elite.o
    0x08006064   0x0000012c   Code   RO         5100    i.Elite_GetAverageQuality  tuner_elite.o
    0x08006190   0x00000078   Code   RO         5101    i.Enable_RDS_Int    tuner_elite.o
    0x08006208   0x000002dc   Code   RO         4989    i.EonTADetProc      rdseon.o
    0x080064e4   0x0000000c   Code   RO          495    i.FLASH_if_ClearFlag  flash_if.o
    0x080064f0   0x0000004c   Code   RO          496    i.FLASH_if_ErasePage  flash_if.o
    0x0800653c   0x0000000e   Code   RO          497    i.FLASH_if_Init     flash_if.o
    0x0800654a   0x00000002   PAD
    0x0800654c   0x00000014   Code   RO          498    i.FLASH_if_Lock     flash_if.o
    0x08006560   0x00000008   Code   RO          499    i.FLASH_if_Readhalfword  flash_if.o
    0x08006568   0x00000018   Code   RO          500    i.FLASH_if_Unlock   flash_if.o
    0x08006580   0x00000044   Code   RO          501    i.FLASH_if_WaitForLastOperation  flash_if.o
    0x080065c4   0x00000040   Code   RO          502    i.FLASH_if_Writehalfword  flash_if.o
    0x08006604   0x00000090   Code   RO         2149    i.GPIO_Init         stm32f0xx_gpio.o
    0x08006694   0x00000044   Code   RO         2150    i.GPIO_PinAFConfig  stm32f0xx_gpio.o
    0x080066d8   0x00000002   Code   RO          337    i.GalaDeInit        bsp.o
    0x080066da   0x00000004   Code   RO          338    i.GalaInit          bsp.o
    0x080066de   0x00000026   Code   RO         4247    i.GetAverage_U16    sch_common.o
    0x08006704   0x00000094   Code   RO         1415    i.GetKeyData        swc.o
    0x08006798   0x00000094   Code   RO         1416    i.GetKeyData2       swc.o
    0x0800682c   0x00000028   Code   RO         1417    i.GetKeyNum         swc.o
    0x08006854   0x00000016   Code   RO         3397    i.GetMaxStat        radio.o
    0x0800686a   0x00000002   PAD
    0x0800686c   0x0000001c   Code   RO         4362    i.GetMessage        sch_message.o
    0x08006888   0x00000084   Code   RO         3398    i.GetRadFreOctData  radio.o
    0x0800690c   0x000000d0   Code   RO         3399    i.GetRadPlayFre     radio.o
    0x080069dc   0x00000064   Code   RO         3400    i.GetRdsAFFreq      radio.o
    0x08006a40   0x00000024   Code   RO         1418    i.GetSW2StudyKeyNum  swc.o
    0x08006a64   0x00000024   Code   RO         1419    i.GetSWStudyKeyNum  swc.o
    0x08006a88   0x000000c8   Code   RO          339    i.GpioInit          bsp.o
    0x08006b50   0x00000158   Code   RO         5102    i.HITPushToLast     tuner_elite.o
    0x08006ca8   0x0000006c   Code   RO         5104    i.HIT_ForeceMono    tuner_elite.o
    0x08006d14   0x00000068   Code   RO         5105    i.HIT_ForeceMute    tuner_elite.o
    0x08006d7c   0x00000004   Code   RO           15    i.HardFault_Handler  stm32f0xx_it.o
    0x08006d80   0x00000018   Code   RO          658    i.HasAcc            detection.o
    0x08006d98   0x00000060   Code   RO         5106    i.I2C3Ack           tuner_elite.o
    0x08006df8   0x00000080   Code   RO         5107    i.I2C3Ack2          tuner_elite.o
    0x08006e78   0x0000007c   Code   RO         5108    i.I2C3In8Bit        tuner_elite.o
    0x08006ef4   0x000000d8   Code   RO         5109    i.I2C3Out8Bit       tuner_elite.o
    0x08006fcc   0x0000004c   Code   RO         5110    i.I2C3Start         tuner_elite.o
    0x08007018   0x0000004c   Code   RO         5111    i.I2C3Stop          tuner_elite.o
    0x08007064   0x0000000e   Code   RO         5112    i.I2C_delay         tuner_elite.o
    0x08007072   0x00000070   Code   RO         2909    i.IR_EXTI7_Config   irda.o
    0x080070e2   0x00000002   PAD
    0x080070e4   0x00000074   Code   RO         2910    i.IR_EXTI8_Config   irda.o
    0x08007158   0x000000e8   Code   RO         3401    i.InitAMPresetStat  radio.o
    0x08007240   0x000000f0   Code   RO         3402    i.InitFMPresetStat  radio.o
    0x08007330   0x0000000c   Code   RO         3403    i.InitPresetStat    radio.o
    0x0800733c   0x00000060   Code   RO         2913    i.IrdaDeInit        irda.o
    0x0800739c   0x00000010   Code   RO         2914    i.IrdaInit          irda.o
    0x080073ac   0x00000022   Code   RO         4254    i.IsInArray_U8      sch_common.o
    0x080073ce   0x0000001c   Code   RO         4255    i.IsInData          sch_common.o
    0x080073ea   0x00000002   PAD
    0x080073ec   0x00000044   Code   RO          734    i.IsLeapYear        drive.o
    0x08007430   0x0000002c   Code   RO          855    i.KeyInit           key.o
    0x0800745c   0x0000007c   Code   RO         1420    i.KeyScan           swc.o
    0x080074d8   0x00000058   Code   RO         1421    i.KeyTimer          swc.o
    0x08007530   0x00000090   Code   RO         1422    i.Key_Scan_AD       swc.o
    0x080075c0   0x00000090   Code   RO         1423    i.Key_Scan_AD2      swc.o
    0x08007650   0x00000154   Code   RO         1615    i.M2C_TxService     app_can.o
    0x080077a4   0x000000d8   Code   RO          340    i.McuIapStart       bsp.o
    0x0800787c   0x00000098   Code   RO          735    i.McuPowerDown      drive.o
    0x08007914   0x00000180   Code   RO         4623    i.MeasureAfList     rds.o
    0x08007a94   0x0000003a   Code   RO          565    i.MessageARMPoweroff  core.o
    0x08007ace   0x00000002   PAD
    0x08007ad0   0x00000094   Code   RO          737    i.MuteOff           drive.o
    0x08007b64   0x0000005c   Code   RO          738    i.MuteOn            drive.o
    0x08007bc0   0x00000078   Code   RO          739    i.MuteTimeset       drive.o
    0x08007c38   0x00000002   Code   RO           16    i.NMI_Handler       stm32f0xx_it.o
    0x08007c3a   0x00000002   PAD
    0x08007c3c   0x00000070   Code   RO         2305    i.NVIC_Init         stm32f0xx_misc.o
    0x08007cac   0x000003ec   Code   RO         3404    i.PSProc            radio.o
    0x08008098   0x00000074   Code   RO         3405    i.PSStationChk      radio.o
    0x0800810c   0x00000010   Code   RO          341    i.PWM_DeInit        bsp.o
    0x0800811c   0x00000002   Code   RO          342    i.PWM_Init          bsp.o
    0x0800811e   0x00000002   Code   RO           17    i.PendSV_Handler    stm32f0xx_it.o
    0x08008120   0x000000c0   Code   RO         4624    i.PiSeekProc        rds.o
    0x080081e0   0x00000024   Code   RO         4364    i.PostMessage       sch_message.o
    0x08008204   0x00000016   Code   RO         4408    i.Print_To_Buf      sch_printf.o
    0x0800821a   0x000000e6   Code   RO         4409    i.Printf            sch_printf.o
    0x08008300   0x00000978   Code   RO          943    i.ProcessArmCommand  armuart.o
    0x08008c78   0x000004c0   Code   RO          566    i.ProcessArmkey     core.o
    0x08009138   0x00000014   Code   RO          567    i.ProcessCore       core.o
    0x0800914c   0x000000d8   Code   RO          740    i.ProcessDate       drive.o
    0x08009224   0x0000007c   Code   RO          659    i.ProcessDetect     detection.o
    0x080092a0   0x000000ac   Code   RO          741    i.ProcessMute       drive.o
    0x0800934c   0x00000060   Code   RO          856    i.ProcessPanelKey   key.o
    0x080093ac   0x00000008   Code   RO         1426    i.ProcessSwc        swc.o
    0x080093b4   0x00000158   Code   RO          944    i.ProcessUart2      armuart.o
    0x0800950c   0x000000ac   Code   RO         3725    i.ProcessVM4Can     usart4.o
    0x080095b8   0x00000074   Code   RO         1563    i.ProcessVMCan      usart1.o
    0x0800962c   0x00000160   Code   RO         4625    i.PtySeekProc       rds.o
    0x0800978c   0x0000005e   Code   RO         4446    i.Queue_In          sch_queue.o
    0x080097ea   0x0000001e   Code   RO         4447    i.Queue_Init        sch_queue.o
    0x08009808   0x0000005a   Code   RO         4451    i.Queue_Out         sch_queue.o
    0x08009862   0x00000002   PAD
    0x08009864   0x00000020   Code   RO         1775    i.RCC_AHBPeriphClockCmd  stm32f0xx_rcc.o
    0x08009884   0x00000020   Code   RO         1777    i.RCC_APB1PeriphClockCmd  stm32f0xx_rcc.o
    0x080098a4   0x00000020   Code   RO         1778    i.RCC_APB1PeriphResetCmd  stm32f0xx_rcc.o
    0x080098c4   0x00000020   Code   RO         1779    i.RCC_APB2PeriphClockCmd  stm32f0xx_rcc.o
    0x080098e4   0x00000020   Code   RO         1780    i.RCC_APB2PeriphResetCmd  stm32f0xx_rcc.o
    0x08009904   0x000001f0   Code   RO         1789    i.RCC_GetClocksFreq  stm32f0xx_rcc.o
    0x08009af4   0x00000034   Code   RO         1812    i.RCC_USARTCLKConfig  stm32f0xx_rcc.o
    0x08009b28   0x00000034   Code   RO         4626    i.RDSAfInit         rds.o
    0x08009b5c   0x00000020   Code   RO         4627    i.RDSAfInitHeader   rds.o
    0x08009b7c   0x000000f0   Code   RO         4633    i.RDSDataClear      rds.o
    0x08009c6c   0x00000150   Code   RO         5113    i.RDSDataInit       tuner_elite.o
    0x08009dbc   0x0000001c   Code   RO         5114    i.RDSDataInitPlus   tuner_elite.o
    0x08009dd8   0x00000024   Code   RO         4990    i.RDSEonAfInit      rdseon.o
    0x08009dfc   0x0000005c   Code   RO         4991    i.RDSEonAfInsert    rdseon.o
    0x08009e58   0x000000a4   Code   RO         4992    i.RDSEonElntSearch  rdseon.o
    0x08009efc   0x00000084   Code   RO         4993    i.RDSEonInit        rdseon.o
    0x08009f80   0x000000d4   Code   RO         4994    i.RDSEonPiAfInsert  rdseon.o
    0x0800a054   0x00000020   Code   RO         4995    i.RDSEonTaSwitchBack  rdseon.o
    0x0800a074   0x00000100   Code   RO         4636    i.RDSExtAf          rds.o
    0x0800a174   0x0000005c   Code   RO         4637    i.RDSExtAfHeader    rds.o
    0x0800a1d0   0x000000ec   Code   RO         4638    i.RDSExtAfMethodA   rds.o
    0x0800a2bc   0x000001b4   Code   RO         4639    i.RDSExtAfMethodB   rds.o
    0x0800a470   0x000002a0   Code   RO         4640    i.RDSExtBkCRT       rds.o
    0x0800a710   0x00000334   Code   RO         4641    i.RDSExtBkDRT       rds.o
    0x0800aa44   0x00000134   Code   RO         4642    i.RDSExtBlkB        rds.o
    0x0800ab78   0x000000dc   Code   RO         4643    i.RDSExtBlkC        rds.o
    0x0800ac54   0x000000c0   Code   RO         4644    i.RDSExtBlkD        rds.o
    0x0800ad14   0x000001b0   Code   RO         4645    i.RDSExtCT          rds.o
    0x0800aec4   0x0000003c   Code   RO         4996    i.RDSExtEonAf       rdseon.o
    0x0800af00   0x00000058   Code   RO         4997    i.RDSExtEonTa       rdseon.o
    0x0800af58   0x000000e4   Code   RO         4998    i.RDSExtEonTaPi     rdseon.o
    0x0800b03c   0x00000184   Code   RO         4646    i.RDSExtPi          rds.o
    0x0800b1c0   0x00000250   Code   RO         4647    i.RDSExtPs          rds.o
    0x0800b410   0x000001c0   Code   RO         4648    i.RDSExtPty         rds.o
    0x0800b5d0   0x00000188   Code   RO         4649    i.RDSExtTa          rds.o
    0x0800b758   0x000000e0   Code   RO         4650    i.RDSExtTp          rds.o
    0x0800b838   0x000004c4   Code   RO         5115    i.RDSFetchBlockData  tuner_elite.o
    0x0800bcfc   0x00000024   Code   RO         5116    i.RDSFlagPINew      tuner_elite.o
    0x0800bd20   0x000001c4   Code   RO         4916    i.RDSFmFreqChange   rdsapp.o
    0x0800bee4   0x00000018   Code   RO         5117    i.RDSGetDataBlock   tuner_elite.o
    0x0800befc   0x00000088   Code   RO         4917    i.RDSInit           rdsapp.o
    0x0800bf84   0x000000b4   Code   RO         4653    i.RDSInsertAF       rds.o
    0x0800c038   0x00000014   Code   RO         5118    i.RDSInt            tuner_elite.o
    0x0800c04c   0x000001d4   Code   RO         5119    i.RDSSetBlockData   tuner_elite.o
    0x0800c220   0x00000028   Code   RO         5120    i.RDSSetDataBlock   tuner_elite.o
    0x0800c248   0x00000030   Code   RO         4654    i.RDSStart          rds.o
    0x0800c278   0x00000018   Code   RO         4655    i.RDSStop           rds.o
    0x0800c290   0x000000ac   Code   RO         4918    i.RDSTimerInit      rdsapp.o
    0x0800c33c   0x0000001a   Code   RO         3840    i.RTC_Bcd2ToByte    stm32f0xx_rtc.o
    0x0800c356   0x00000002   PAD
    0x0800c358   0x00000024   Code   RO         3846    i.RTC_ClearITPendingBit  stm32f0xx_rtc.o
    0x0800c37c   0x0000004c   Code   RO         3856    i.RTC_GetITStatus   stm32f0xx_rtc.o
    0x0800c3c8   0x0000005c   Code   RO         3859    i.RTC_GetTime       stm32f0xx_rtc.o
    0x0800c424   0x0000002c   Code   RO           18    i.RTC_IRQHandler    stm32f0xx_it.o
    0x0800c450   0x00000050   Code   RO         3781    i.RTC_TimeShow      rtc_time.o
    0x0800c4a0   0x00000002   Code   RO         3406    i.RadDpUpdate       radio.o
    0x0800c4a2   0x00000002   PAD
    0x0800c4a4   0x00000d58   Code   RO         3407    i.RadKyAnaly        radio.o
    0x0800d1fc   0x00000080   Code   RO         3409    i.RadSetToDl500ms   radio.o
    0x0800d27c   0x0000000c   Code   RO         3413    i.Radio7786Poweron  radio.o
    0x0800d288   0x0000000c   Code   RO         5122    i.Radio7786SetFreq  tuner_elite.o
    0x0800d294   0x0000002c   Code   RO         3414    i.RadioBreak        radio.o
    0x0800d2c0   0x0000013c   Code   RO         3416    i.RadioInit         radio.o
    0x0800d3fc   0x00000370   Code   RO         3417    i.RadioProc         radio.o
    0x0800d76c   0x00000034   Code   RO         4662    i.RdsDataDecode     rds.o
    0x0800d7a0   0x00000328   Code   RO         4663    i.RdsExtrProc       rds.o
    0x0800dac8   0x00000460   Code   RO         4919    i.RdsKeyAnaly       rdsapp.o
    0x0800df28   0x00000158   Code   RO         4920    i.RdsProc           rdsapp.o
    0x0800e080   0x00000094   Code   RO         1564    i.ReadArmCanStr     usart1.o
    0x0800e114   0x0000005c   Code   RO         3418    i.ReadBandMsg       radio.o
    0x0800e170   0x00000070   Code   RO         3419    i.ReadPresetMem     radio.o
    0x0800e1e0   0x000000ac   Code   RO         3726    i.ReadVM4ArmCanStr  usart4.o
    0x0800e28c   0x00000168   Code   RO         2916    i.RemoteInt         irda.o
    0x0800e3f4   0x0000031c   Code   RO         2917    i.RemoteProc        irda.o
    0x0800e710   0x00000068   Code   RO          945    i.ReportARM2UPDate  armuart.o
    0x0800e778   0x00000048   Code   RO          946    i.ReportAccState    armuart.o
    0x0800e7c0   0x00000088   Code   RO          947    i.ReportAccinfo     armuart.o
    0x0800e848   0x00000040   Code   RO          949    i.ReportChangeSource  armuart.o
    0x0800e888   0x000000d0   Code   RO          950    i.ReportControlBackLight  armuart.o
    0x0800e958   0x00000220   Code   RO          951    i.ReportDate        armuart.o
    0x0800eb78   0x000000fc   Code   RO          952    i.ReportDeviceStatus  armuart.o
    0x0800ec74   0x00000090   Code   RO          953    i.ReportFastback    armuart.o
    0x0800ed04   0x00000074   Code   RO          954    i.ReportFirstBAT    armuart.o
    0x0800ed78   0x00000042   Code   RO          955    i.ReportHandShake   armuart.o
    0x0800edba   0x00000042   Code   RO          957    i.ReportKeySuccess  armuart.o
    0x0800edfc   0x0000005c   Code   RO          958    i.ReportMcuPowerinfo  armuart.o
    0x0800ee58   0x000000b8   Code   RO          959    i.ReportMcuVisions  armuart.o
    0x0800ef10   0x00000068   Code   RO          960    i.ReportRadioArea   armuart.o
    0x0800ef78   0x0000028c   Code   RO          961    i.ReportRadioBaseInfo  armuart.o
    0x0800f204   0x000001ac   Code   RO          962    i.ReportRadioPreListinfo  armuart.o
    0x0800f3b0   0x000000a8   Code   RO          963    i.ReportRadioSignalinfo  armuart.o
    0x0800f458   0x0000007c   Code   RO          964    i.ReportRdsPsinfo   armuart.o
    0x0800f4d4   0x00000078   Code   RO          965    i.ReportRdsRTinfo   armuart.o
    0x0800f54c   0x0000012c   Code   RO          966    i.ReportSWCTable    armuart.o
    0x0800f678   0x00000042   Code   RO          967    i.ReportSetVolume   armuart.o
    0x0800f6ba   0x00000042   Code   RO          968    i.ReportSetinfo     armuart.o
    0x0800f6fc   0x00000028   Code   RO          742    i.ResetExternDevice  drive.o
    0x0800f724   0x00000038   Code   RO         1427    i.ResetStudyKeyNum  swc.o
    0x0800f75c   0x00000054   Code   RO         4664    i.RestoreAfSt       rds.o
    0x0800f7b0   0x00000040   Code   RO         3420    i.RestoreStatNum    radio.o
    0x0800f7f0   0x0000004c   Code   RO         3421    i.RestoreStatNum1   radio.o
    0x0800f83c   0x0000001a   Code   RO         2918    i.RptKyCk           irda.o
    0x0800f856   0x00000002   PAD
    0x0800f858   0x0000004c   Code   RO         2919    i.RstRmtDecode      irda.o
    0x0800f8a4   0x000000bc   Code   RO         3422    i.STChk             radio.o
    0x0800f960   0x00000002   Code   RO           19    i.SVC_Handler       stm32f0xx_it.o
    0x0800f962   0x00000002   PAD
    0x0800f964   0x00000040   Code   RO         3017    i.SYSCFG_EXTILineConfig  stm32f0xx_syscfg.o
    0x0800f9a4   0x0000006c   Code   RO         3423    i.SaveCurBandMsg    radio.o
    0x0800fa10   0x0000004c   Code   RO          857    i.SaveEncodekey     key.o
    0x0800fa5c   0x00000060   Code   RO          858    i.SaveLongkeyRelease  key.o
    0x0800fabc   0x00000014   Code   RO         3424    i.SaveOriginalStat  radio.o
    0x0800fad0   0x0000004c   Code   RO          859    i.SaveRecombinationkey  key.o
    0x0800fb1c   0x000001b8   Code   RO          860    i.Savekey           key.o
    0x0800fcd4   0x0000005a   Code   RO         1428    i.Saveswckey        swc.o
    0x0800fd2e   0x00000018   Code   RO          861    i.ScanKey           key.o
    0x0800fd46   0x00000002   PAD
    0x0800fd48   0x00000144   Code   RO          862    i.ScanPanelkey      key.o
    0x0800fe8c   0x00000114   Code   RO         3425    i.ScanProc          radio.o
    0x0800ffa0   0x00000104   Code   RO         1429    i.ScanSwckey        swc.o
    0x080100a4   0x00000100   Code   RO          864    i.ScanVolEncodekey  key.o
    0x080101a4   0x0000007c   Code   RO         1565    i.SetLinUartBaud    usart1.o
    0x08010220   0x00000094   Code   RO         3426    i.SetRadPwrDn       radio.o
    0x080102b4   0x0000005c   Code   RO         3427    i.SetRadPwrOff      radio.o
    0x08010310   0x00000022   Code   RO         2920    i.SpKyCk            irda.o
    0x08010332   0x00000002   PAD
    0x08010334   0x000000d4   Code   RO         3428    i.StartChgBand      radio.o
    0x08010408   0x00000020   Code   RO         3429    i.StartChkStat      radio.o
    0x08010428   0x0000006c   Code   RO         3430    i.StartWrPll        radio.o
    0x08010494   0x000000e4   Code   RO         3431    i.StatNumDec        radio.o
    0x08010578   0x000000f4   Code   RO         3432    i.StatNumInc        radio.o
    0x0801066c   0x0000000c   Code   RO         1431    i.SwcInit           swc.o
    0x08010678   0x0000001c   Code   RO          343    i.SysDelay          bsp.o
    0x08010694   0x00000002   Code   RO          344    i.SysDelay10us      bsp.o
    0x08010696   0x00000002   Code   RO           20    i.SysTick_Handler   stm32f0xx_it.o
    0x08010698   0x00000194   Code   RO         4502    i.SysUartInit       mw_uart.o
    0x0801082c   0x0000001c   Code   RO         4257    i.SysWait1Us        sch_common.o
    0x08010848   0x00000014   Code   RO         4259    i.SysWaitUs         sch_common.o
    0x0801085c   0x000000a8   Code   RO          345    i.SystemClkDown     bsp.o
    0x08010904   0x000000e4   Code   RO          268    i.SystemInit        system_stm32f0xx.o
    0x080109e8   0x0000010c   Code   RO          743    i.SystemPowerOff    drive.o
    0x08010af4   0x000000d8   Code   RO          744    i.SystemPowerOn     drive.o
    0x08010bcc   0x00000008   Code   RO          745    i.SystemSleepWake   drive.o
    0x08010bd4   0x0000004c   Code   RO          746    i.SystemTimereset   drive.o
    0x08010c20   0x000002ac   Code   RO          747    i.SystemTimeset     drive.o
    0x08010ecc   0x00000008   Code   RO         1618    i.TASK_Can_Pro      app_can.o
    0x08010ed4   0x00000160   Code   RO           21    i.TIM14_IRQHandler  stm32f0xx_it.o
    0x08011034   0x0000000a   Code   RO           22    i.TIM2_IRQHandler   stm32f0xx_it.o
    0x0801103e   0x00000002   PAD
    0x08011040   0x0000001c   Code   RO         2353    i.TIM_Cmd           stm32f0xx_tim.o
    0x0801105c   0x00000006   Code   RO         2372    i.TIM_GetCounter    stm32f0xx_tim.o
    0x08011062   0x00000014   Code   RO         2378    i.TIM_ITConfig      stm32f0xx_tim.o
    0x08011076   0x00000004   Code   RO         2414    i.TIM_SetAutoreload  stm32f0xx_tim.o
    0x0801107a   0x00000004   Code   RO         2420    i.TIM_SetCounter    stm32f0xx_tim.o
    0x0801107e   0x00000002   PAD
    0x08011080   0x0000007c   Code   RO         2426    i.TIM_TimeBaseInit  stm32f0xx_tim.o
    0x080110fc   0x0000002c   Code   RO          346    i.Time14Deinit      bsp.o
    0x08011128   0x00000084   Code   RO          347    i.Time14Init        bsp.o
    0x080111ac   0x0000004a   Code   RO         2921    i.Timer2Init        irda.o
    0x080111f6   0x00000002   PAD
    0x080111f8   0x000000b4   Code   RO         4665    i.TpSeekProc        rds.o
    0x080112ac   0x000001a0   Code   RO         4666    i.TrafficProc       rds.o
    0x0801144c   0x000000dc   Code   RO          865    i.TransmitKey       key.o
    0x08011528   0x000000b8   Code   RO         3434    i.TunAMParmStartAddr  radio.o
    0x080115e0   0x00000008   Code   RO         3435    i.TunFMORITParmStartAddr  radio.o
    0x080115e8   0x000000ac   Code   RO         3436    i.TunFMParmStartAddr  radio.o
    0x08011694   0x00000168   Code   RO         3437    i.TunParmStartAddr  radio.o
    0x080117fc   0x00000030   Code   RO         5123    i.Tuner10msTimer    tuner_elite.o
    0x0801182c   0x000000e0   Code   RO         5124    i.TunerChangeBand   tuner_elite.o
    0x0801190c   0x00000008   Code   RO         5126    i.TunerReadAFSeekStatus  tuner_elite.o
    0x08011914   0x0000000c   Code   RO         5128    i.TunerSeekOff      tuner_elite.o
    0x08011920   0x00000018   Code   RO         5129    i.TunerSeekOn       tuner_elite.o
    0x08011938   0x0000005c   Code   RO         5130    i.TunerSetAFChangeFreq  tuner_elite.o
    0x08011994   0x0000005c   Code   RO         5131    i.TunerSetAFCheck   tuner_elite.o
    0x080119f0   0x00000068   Code   RO         5132    i.TunerSetAFEnd     tuner_elite.o
    0x08011a58   0x00000080   Code   RO         5134    i.TunerSetFreq      tuner_elite.o
    0x08011ad8   0x000001f4   Code   RO         5135    i.TunerStartupSeq   tuner_elite.o
    0x08011ccc   0x000000c4   Code   RO           23    i.USART1_IRQHandler  stm32f0xx_it.o
    0x08011d90   0x000000c0   Code   RO           24    i.USART2_IRQHandler  stm32f0xx_it.o
    0x08011e50   0x000000a0   Code   RO           25    i.USART3_4_IRQHandler  stm32f0xx_it.o
    0x08011ef0   0x00000004   Code   RO         3081    i.USART_ClearFlag   stm32f0xx_usart.o
    0x08011ef4   0x00000012   Code   RO         3082    i.USART_ClearITPendingBit  stm32f0xx_usart.o
    0x08011f06   0x00000018   Code   RO         3085    i.USART_Cmd         stm32f0xx_usart.o
    0x08011f1e   0x00000002   PAD
    0x08011f20   0x0000007c   Code   RO         3091    i.USART_DeInit      stm32f0xx_usart.o
    0x08011f9c   0x00000014   Code   RO         3093    i.USART_GetFlagStatus  stm32f0xx_usart.o
    0x08011fb0   0x00000042   Code   RO         3096    i.USART_ITConfig    stm32f0xx_usart.o
    0x08011ff2   0x00000002   PAD
    0x08011ff4   0x000000e8   Code   RO         3097    i.USART_Init        stm32f0xx_usart.o
    0x080120dc   0x0000000a   Code   RO         3109    i.USART_ReceiveData  stm32f0xx_usart.o
    0x080120e6   0x00000008   Code   RO         3114    i.USART_SendData    stm32f0xx_usart.o
    0x080120ee   0x00000002   PAD
    0x080120f0   0x00000094   Code   RO          348    i.Uart1Deinit       bsp.o
    0x08012184   0x00000050   Code   RO         1566    i.Uart1SendStr      usart1.o
    0x080121d4   0x00000070   Code   RO          350    i.Uart2Deinit       bsp.o
    0x08012244   0x000000e0   Code   RO          351    i.Uart2Init         bsp.o
    0x08012324   0x000000b8   Code   RO          970    i.Uart2SendStr      armuart.o
    0x080123dc   0x00000064   Code   RO          352    i.Uart4Deinit       bsp.o
    0x08012440   0x00000050   Code   RO         3727    i.Uart4SendStr      usart4.o
    0x08012490   0x00000028   Code   RO         4505    i.UartBufInit       mw_uart.o
    0x080124b8   0x00000018   Code   RO         4510    i.UartSendData8     mw_uart.o
    0x080124d0   0x00000038   Code   RO         4513    i.UartTxData_Direct  mw_uart.o
    0x08012508   0x0000002c   Code   RO         3728    i.VM4CanInit        usart4.o
    0x08012534   0x0000002c   Code   RO         1567    i.VMCanInit         usart1.o
    0x08012560   0x00000040   Code   RO          354    i.VectorRemap       bsp.o
    0x080125a0   0x00000158   Code   RO         3438    i.Wr7786CkStatProc  radio.o
    0x080126f8   0x000001ac   Code   RO         3439    i.Wr7786PllProc     radio.o
    0x080128a4   0x00000064   Code   RO         3440    i.WritePresetMem    radio.o
    0x08012908   0x0000001c   Code   RO          636    i.__ARM_common_switch8  core.o
    0x08012924   0x000000b8   Code   RO         4410    i.__Printf_Conversion  sch_printf.o
    0x080129dc   0x00000164   Code   RO          313    i.main              main.o
    0x08012b40   0x0000001c   Code   RO         4260    i.sch_memcpy        sch_common.o
    0x08012b5c   0x00000016   Code   RO         4261    i.sch_memset        sch_common.o
    0x08012b72   0x00000000   Code   RO         5536    x$fpl$usenofp       fz_ps.l(usenofp.o)
    0x08012b72   0x0000001a   Data   RO          749    .constdata          drive.o
    0x08012b8c   0x00000010   Data   RO         1681    .constdata          mw_can.o
    0x08012b9c   0x000009e4   Data   RO         3442    .constdata          radio.o
    0x08013580   0x00000030   Data   RO         4519    .constdata          mw_uart.o
    0x080135b0   0x0000264f   Data   RO         5138    .constdata          tuner_elite.o
    0x08015bff   0x00000080   Data   RO         5515    .constdata          fz_ps.l(ddiv.o)
    0x08015c7f   0x00000001   PAD
    0x08015c80   0x00000097   Data   RO         3443    .conststring        radio.o
    0x08015d17   0x00000001   PAD
    0x08015d18   0x00000020   Data   RO         5703    Region$$Table       anon$$obj.o


    Execution Region RW_IRAM1 (Base: 0x200000c0, Size: 0x00003160, Max: 0x00004000, ABSOLUTE, COMPRESSED[0x00000130])

    Base Addr    Size         Type   Attr      Idx    E Section Name        Object

    0x200000c0   0x00000002   Data   RW           26    .data               stm32f0xx_it.o
    0x200000c2   0x00000002   PAD
    0x200000c4   0x00000016   Data   RW          357    .data               bsp.o
    0x200000da   0x0000000d   Data   RW          569    .data               core.o
    0x200000e7   0x00000016   Data   RW          660    .data               detection.o
    0x200000fd   0x00000001   PAD
    0x200000fe   0x00000013   Data   RW          750    .data               drive.o
    0x20000111   0x0000001b   Data   RW          867    .data               key.o
    0x2000012c   0x00000011   Data   RW          972    .data               armuart.o
    0x2000013d   0x00000001   PAD
    0x2000013e   0x0000015d   Data   RW         1433    .data               swc.o
    0x2000029b   0x00000001   PAD
    0x2000029c   0x00000010   Data   RW         1569    .data               usart1.o
    0x200002ac   0x00000048   Data   RW         1682    .data               mw_can.o
    0x200002f4   0x00000010   Data   RW         1815    .data               stm32f0xx_rcc.o
    0x20000304   0x00000071   Data   RW         2923    .data               irda.o
    0x20000375   0x00000001   PAD
    0x20000376   0x0000005f   Data   RW         3444    .data               radio.o
    0x200003d5   0x00000001   PAD
    0x200003d6   0x0000000e   Data   RW         3730    .data               usart4.o
    0x200003e4   0x00000090   Data   RW         4366    .data               sch_message.o
    0x20000474   0x000000d4   Data   RW         4520    .data               mw_uart.o
    0x20000548   0x0000009a   Data   RW         4669    .data               rds.o
    0x200005e2   0x0000000b   Data   RW         5000    .data               rdseon.o
    0x200005ed   0x00000003   PAD
    0x200005f0   0x00000014   Data   RW         5139    .data               tuner_elite.o
    0x20000604   0x0000000c   Zero   RW          356    .bss                bsp.o
    0x20000610   0x00000025   Zero   RW          568    .bss                core.o
    0x20000635   0x00000001   PAD
    0x20000636   0x0000000a   Zero   RW          748    .bss                drive.o
    0x20000640   0x00000018   Zero   RW          866    .bss                key.o
    0x20000658   0x000006ff   Zero   RW          971    .bss                armuart.o
    0x20000d57   0x00000001   PAD
    0x20000d58   0x0000003c   Zero   RW         1432    .bss                swc.o
    0x20000d94   0x000002c8   Zero   RW         1568    .bss                usart1.o
    0x2000105c   0x0000001a   Zero   RW         1619    .bss                app_can.o
    0x20001076   0x00000002   PAD
    0x20001078   0x00000320   Zero   RW         1680    .bss                mw_can.o
    0x20001398   0x000000d6   Zero   RW         3441    .bss                radio.o
    0x2000146e   0x00000363   Zero   RW         3729    .bss                usart4.o
    0x200017d1   0x00000001   PAD
    0x200017d2   0x00000168   Zero   RW         4365    .bss                sch_message.o
    0x2000193a   0x00000600   Zero   RW         4518    .bss                mw_uart.o
    0x20001f3a   0x000008f2   Zero   RW         4667    .bss                rds.o
    0x2000282c   0x000000e0   Zero   RW         4999    .bss                rdseon.o
    0x2000290c   0x000002b4   Zero   RW         5137    .bss                tuner_elite.o
    0x20002bc0   0x00000060   Zero   RW         5576    .bss                c_p.l(libspace.o)
    0x20002c20   0x00000200   Zero   RW            2    HEAP                startup_stm32f072xb.o
    0x20002e20   0x00000400   Zero   RW            1    STACK               startup_stm32f072xb.o


==============================================================================

Image component sizes


      Code (inc. data)   RO Data    RW Data    ZI Data      Debug   Object Name

       348         22          0          0         26       1503   app_can.o
      7100        544          0         17       1791      18786   armuart.o
      1840        222          0         22         12      10456   bsp.o
      3394        534          0         13         37      10200   core.o
      1336        288          0         22          0       5667   detection.o
      2640        546         26         19         10       8804   drive.o
       286         40          0          0          0       3701   flash_if.o
      1706        126          0        113          0       8066   irda.o
      1652        166          0         27         24       9657   key.o
       356        154          0          0          0        503   main.o
        68          6         16         72        800       2217   mw_can.o
       524         42         48        212       1536       4440   mw_uart.o
     14052       2270       2683         95        214      37545   radio.o
      9480       1530          0        154       2290      28416   rds.o
      2360        482          0          0          0       3513   rdsapp.o
      1776        530          0         11        224       6483   rdseon.o
        80         54          0          0          0        423   rtc_time.o
       198          0          0          0          0       5006   sch_common.o
        64         12          0        144        360       1589   sch_message.o
       436         20          0          0          0       2753   sch_printf.o
       214          0          0          0          0       2004   sch_queue.o
        56         26        192          0       1536        608   startup_stm32f072xb.o
       758          4          0          0          0     168101   stm32f0xx_can.o
       192         16          0          0          0       2174   stm32f0xx_exti.o
       212          0          0          0          0       5815   stm32f0xx_gpio.o
      1162        180          0          2          0     230491   stm32f0xx_it.o
       112          6          0          0          0        756   stm32f0xx_misc.o
       708         52          0         16          0     161237   stm32f0xx_rcc.o
       230         18          0          0          0      15740   stm32f0xx_rtc.o
        64          4          0          0          0        548   stm32f0xx_syscfg.o
       186         38          0          0          0      23186   stm32f0xx_tim.o
       506         34          0          0          0      14896   stm32f0xx_usart.o
      1602        112          0        349         60      11500   swc.o
       228         12          0          0          0     144941   system_stm32f0xx.o
      9794        712       9807         20        692      39246   tuner_elite.o
       512         86          0         16        712       3675   usart1.o
       556        104          0         14        867       3687   usart4.o

    ----------------------------------------------------------------------
     66830       8992      12805       1348      11196     998333   Object Totals
         0          0         32          0          0          0   (incl. Generated)
        42          0          1         10          5          0   (incl. Padding)

    ----------------------------------------------------------------------

      Code (inc. data)   RO Data    RW Data    ZI Data      Debug   Library Member Name

        86          0          0          0          0          0   __dczerorl2.o
         8          0          0          0          0         68   __main.o
         0          0          0          0          0          0   __rtentry.o
        12          0          0          0          0          0   __rtentry2.o
         6          0          0          0          0          0   __rtentry4.o
        60          8          0          0          0          0   __scatter.o
        28          0          0          0          0          0   __scatter_zi.o
       346          0          0          0          0         92   aeabi_sdiv.o
        16          0          0          0          0         68   exit.o
         6          0          0          0          0        136   heapauxi.o
         0          0          0          0          0          0   indicate_semi.o
         2          0          0          0          0          0   libinit.o
         2          0          0          0          0          0   libinit2.o
         2          0          0          0          0          0   libshutdown.o
         2          0          0          0          0          0   libshutdown2.o
         8          4          0          0         96         68   libspace.o
        64          0          0          0          0        108   rt_memclr.o
        56          0          0          0          0         68   rt_memcpy.o
         2          0          0          0          0          0   rtexit.o
        10          0          0          0          0          0   rtexit2.o
        12          4          0          0          0         60   sys_exit.o
        62          0          0          0          0         80   sys_stackheap_outer.o
         2          0          0          0          0         68   use_no_semi.o
       856         20          0          0          0        208   daddsub.o
      1096         26        128          0          0        112   ddiv.o
        72          4          0          0          0         68   dfixui.o
        88          0          0          0          0         92   dflti.o
       584         26          0          0          0         84   dmul.o
         0          0          0          0          0          0   usenofp.o

    ----------------------------------------------------------------------
      3492         92        129          0         96       1380   Library Totals
         4          0          1          0          0          0   (incl. Padding)

    ----------------------------------------------------------------------

      Code (inc. data)   RO Data    RW Data    ZI Data      Debug   Library Name

       792         16          0          0         96        816   c_p.l
      2696         76        128          0          0        564   fz_ps.l

    ----------------------------------------------------------------------
      3492         92        129          0         96       1380   Library Totals

    ----------------------------------------------------------------------

==============================================================================


      Code (inc. data)   RO Data    RW Data    ZI Data      Debug   

     70322       9084      12934       1348      11292     983637   Grand Totals
     70322       9084      12934        304      11292     983637   ELF Image Totals (compressed)
     70322       9084      12934        304          0          0   ROM Totals

==============================================================================

    Total RO  Size (Code + RO Data)                83256 (  81.30kB)
    Total RW  Size (RW Data + ZI Data)             12640 (  12.34kB)
    Total ROM Size (Code + RO Data + RW Data)      83560 (  81.60kB)

==============================================================================

